[0.374s] DEBUG:colcon:Command line arguments: ['/usr/bin/colcon', 'build', '--symlink-install', '--packages-select', 'robot_controller']
[0.375s] DEBUG:colcon:Parsed command line arguments: Namespace(log_base=None, log_level=None, verb_name='build', build_base='build', install_base='install', merge_install=False, symlink_install=True, test_result_base=None, continue_on_error=False, executor='parallel', parallel_workers=7, event_handlers=None, ignore_user_meta=False, metas=['./colcon.meta'], base_paths=['.'], packages_ignore=None, packages_ignore_regex=None, paths=None, packages_up_to=None, packages_up_to_regex=None, packages_above=None, packages_above_and_dependencies=None, packages_above_depth=None, packages_select_by_dep=None, packages_skip_by_dep=None, packages_skip_up_to=None, packages_select_build_failed=False, packages_skip_build_finished=False, packages_select_test_failures=False, packages_skip_test_passed=False, packages_select=['robot_controller'], packages_skip=None, packages_select_regex=None, packages_skip_regex=None, packages_start=None, packages_end=None, allow_overriding=[], cmake_args=None, cmake_target=None, cmake_target_skip_unavailable=False, cmake_clean_cache=False, cmake_clean_first=False, cmake_force_configure=False, ament_cmake_args=None, catkin_cmake_args=None, catkin_skip_building_tests=False, mixin_files=None, mixin=None, verb_parser=<colcon_mixin.mixin.mixin_argument.MixinArgumentDecorator object at 0x727b43354e30>, verb_extension=<colcon_core.verb.build.BuildVerb object at 0x727b434c96a0>, main=<bound method BuildVerb.main of <colcon_core.verb.build.BuildVerb object at 0x727b434c96a0>>, mixin_verb=('build',))
[0.492s] Level 1:colcon.colcon_core.package_discovery:discover_packages(colcon_meta) check parameters
[0.492s] Level 1:colcon.colcon_core.package_discovery:discover_packages(recursive) check parameters
[0.492s] Level 1:colcon.colcon_core.package_discovery:discover_packages(ignore) check parameters
[0.492s] Level 1:colcon.colcon_core.package_discovery:discover_packages(path) check parameters
[0.492s] Level 1:colcon.colcon_core.package_discovery:discover_packages(colcon_meta) discover
[0.493s] Level 1:colcon.colcon_core.package_discovery:discover_packages(recursive) discover
[0.493s] INFO:colcon.colcon_core.package_discovery:Crawling recursively for packages in '/home/ruee/ros2_ws'
[0.493s] Level 1:colcon.colcon_core.package_identification:_identify(.) by extensions ['ignore', 'ignore_ament_install']
[0.494s] Level 1:colcon.colcon_core.package_identification:_identify(.) by extension 'ignore'
[0.494s] Level 1:colcon.colcon_core.package_identification:_identify(.) by extension 'ignore_ament_install'
[0.495s] Level 1:colcon.colcon_core.package_identification:_identify(.) by extensions ['colcon_pkg']
[0.495s] Level 1:colcon.colcon_core.package_identification:_identify(.) by extension 'colcon_pkg'
[0.495s] Level 1:colcon.colcon_core.package_identification:_identify(.) by extensions ['colcon_meta']
[0.495s] Level 1:colcon.colcon_core.package_identification:_identify(.) by extension 'colcon_meta'
[0.495s] Level 1:colcon.colcon_core.package_identification:_identify(.) by extensions ['ros']
[0.496s] Level 1:colcon.colcon_core.package_identification:_identify(.) by extension 'ros'
[0.570s] Level 1:colcon.colcon_core.package_identification:_identify(.) by extensions ['cmake', 'python']
[0.571s] Level 1:colcon.colcon_core.package_identification:_identify(.) by extension 'cmake'
[0.571s] Level 1:colcon.colcon_core.package_identification:_identify(.) by extension 'python'
[0.571s] Level 1:colcon.colcon_core.package_identification:_identify(.) by extensions ['python_setup_py']
[0.571s] Level 1:colcon.colcon_core.package_identification:_identify(.) by extension 'python_setup_py'
[0.571s] Level 1:colcon.colcon_core.package_identification:_identify(build) by extensions ['ignore', 'ignore_ament_install']
[0.571s] Level 1:colcon.colcon_core.package_identification:_identify(build) by extension 'ignore'
[0.571s] Level 1:colcon.colcon_core.package_identification:_identify(build) ignored
[0.572s] Level 1:colcon.colcon_core.package_identification:_identify(install) by extensions ['ignore', 'ignore_ament_install']
[0.572s] Level 1:colcon.colcon_core.package_identification:_identify(install) by extension 'ignore'
[0.572s] Level 1:colcon.colcon_core.package_identification:_identify(install) ignored
[0.572s] Level 1:colcon.colcon_core.package_identification:_identify(log) by extensions ['ignore', 'ignore_ament_install']
[0.572s] Level 1:colcon.colcon_core.package_identification:_identify(log) by extension 'ignore'
[0.573s] Level 1:colcon.colcon_core.package_identification:_identify(log) ignored
[0.573s] Level 1:colcon.colcon_core.package_identification:_identify(src) by extensions ['ignore', 'ignore_ament_install']
[0.573s] Level 1:colcon.colcon_core.package_identification:_identify(src) by extension 'ignore'
[0.573s] Level 1:colcon.colcon_core.package_identification:_identify(src) by extension 'ignore_ament_install'
[0.573s] Level 1:colcon.colcon_core.package_identification:_identify(src) by extensions ['colcon_pkg']
[0.573s] Level 1:colcon.colcon_core.package_identification:_identify(src) by extension 'colcon_pkg'
[0.573s] Level 1:colcon.colcon_core.package_identification:_identify(src) by extensions ['colcon_meta']
[0.573s] Level 1:colcon.colcon_core.package_identification:_identify(src) by extension 'colcon_meta'
[0.574s] Level 1:colcon.colcon_core.package_identification:_identify(src) by extensions ['ros']
[0.574s] Level 1:colcon.colcon_core.package_identification:_identify(src) by extension 'ros'
[0.574s] Level 1:colcon.colcon_core.package_identification:_identify(src) by extensions ['cmake', 'python']
[0.574s] Level 1:colcon.colcon_core.package_identification:_identify(src) by extension 'cmake'
[0.574s] Level 1:colcon.colcon_core.package_identification:_identify(src) by extension 'python'
[0.574s] Level 1:colcon.colcon_core.package_identification:_identify(src) by extensions ['python_setup_py']
[0.574s] Level 1:colcon.colcon_core.package_identification:_identify(src) by extension 'python_setup_py'
[0.575s] Level 1:colcon.colcon_core.package_identification:_identify(src/maze_control) by extensions ['ignore', 'ignore_ament_install']
[0.575s] Level 1:colcon.colcon_core.package_identification:_identify(src/maze_control) by extension 'ignore'
[0.575s] Level 1:colcon.colcon_core.package_identification:_identify(src/maze_control) by extension 'ignore_ament_install'
[0.575s] Level 1:colcon.colcon_core.package_identification:_identify(src/maze_control) by extensions ['colcon_pkg']
[0.575s] Level 1:colcon.colcon_core.package_identification:_identify(src/maze_control) by extension 'colcon_pkg'
[0.575s] Level 1:colcon.colcon_core.package_identification:_identify(src/maze_control) by extensions ['colcon_meta']
[0.575s] Level 1:colcon.colcon_core.package_identification:_identify(src/maze_control) by extension 'colcon_meta'
[0.575s] Level 1:colcon.colcon_core.package_identification:_identify(src/maze_control) by extensions ['ros']
[0.575s] Level 1:colcon.colcon_core.package_identification:_identify(src/maze_control) by extension 'ros'
[0.581s] DEBUG:colcon.colcon_core.package_identification:Package 'src/maze_control' with type 'ros.ament_python' and name 'maze_control'
[0.581s] Level 1:colcon.colcon_core.package_identification:_identify(src/robot_controller) by extensions ['ignore', 'ignore_ament_install']
[0.581s] Level 1:colcon.colcon_core.package_identification:_identify(src/robot_controller) by extension 'ignore'
[0.582s] Level 1:colcon.colcon_core.package_identification:_identify(src/robot_controller) by extension 'ignore_ament_install'
[0.582s] Level 1:colcon.colcon_core.package_identification:_identify(src/robot_controller) by extensions ['colcon_pkg']
[0.582s] Level 1:colcon.colcon_core.package_identification:_identify(src/robot_controller) by extension 'colcon_pkg'
[0.582s] Level 1:colcon.colcon_core.package_identification:_identify(src/robot_controller) by extensions ['colcon_meta']
[0.582s] Level 1:colcon.colcon_core.package_identification:_identify(src/robot_controller) by extension 'colcon_meta'
[0.582s] Level 1:colcon.colcon_core.package_identification:_identify(src/robot_controller) by extensions ['ros']
[0.582s] Level 1:colcon.colcon_core.package_identification:_identify(src/robot_controller) by extension 'ros'
[0.584s] DEBUG:colcon.colcon_core.package_identification:Package 'src/robot_controller' with type 'ros.ament_cmake' and name 'robot_controller'
[0.584s] Level 1:colcon.colcon_core.package_discovery:discover_packages(recursive) using defaults
[0.584s] Level 1:colcon.colcon_core.package_discovery:discover_packages(ignore) discover
[0.584s] Level 1:colcon.colcon_core.package_discovery:discover_packages(ignore) using defaults
[0.584s] Level 1:colcon.colcon_core.package_discovery:discover_packages(path) discover
[0.584s] Level 1:colcon.colcon_core.package_discovery:discover_packages(path) using defaults
[0.627s] INFO:colcon.colcon_core.package_selection:Skipping not selected package 'maze_control' in 'src/maze_control'
[0.629s] Level 1:colcon.colcon_core.package_discovery:discover_packages(prefix_path) check parameters
[0.629s] Level 1:colcon.colcon_core.package_discovery:discover_packages(prefix_path) discover
[0.631s] WARNING:colcon.colcon_ros.prefix_path.ament:The path '/home/ruee/ros2_ws/install/robot_controller' in the environment variable AMENT_PREFIX_PATH doesn't exist
[0.633s] DEBUG:colcon.colcon_installed_package_information.package_discovery:Found 1 installed packages in /home/ruee/ros2_ws/install
[0.634s] DEBUG:colcon.colcon_installed_package_information.package_discovery:Found 1 installed packages in /home/ruee/training_ws/install
[0.640s] DEBUG:colcon.colcon_installed_package_information.package_discovery:Found 398 installed packages in /opt/ros/jazzy
[0.646s] Level 1:colcon.colcon_core.package_discovery:discover_packages(prefix_path) using defaults
[0.856s] Level 5:colcon.colcon_core.verb:set package 'robot_controller' build argument 'cmake_args' from command line to 'None'
[0.857s] Level 5:colcon.colcon_core.verb:set package 'robot_controller' build argument 'cmake_target' from command line to 'None'
[0.857s] Level 5:colcon.colcon_core.verb:set package 'robot_controller' build argument 'cmake_target_skip_unavailable' from command line to 'False'
[0.857s] Level 5:colcon.colcon_core.verb:set package 'robot_controller' build argument 'cmake_clean_cache' from command line to 'False'
[0.857s] Level 5:colcon.colcon_core.verb:set package 'robot_controller' build argument 'cmake_clean_first' from command line to 'False'
[0.857s] Level 5:colcon.colcon_core.verb:set package 'robot_controller' build argument 'cmake_force_configure' from command line to 'False'
[0.857s] Level 5:colcon.colcon_core.verb:set package 'robot_controller' build argument 'ament_cmake_args' from command line to 'None'
[0.857s] Level 5:colcon.colcon_core.verb:set package 'robot_controller' build argument 'catkin_cmake_args' from command line to 'None'
[0.857s] Level 5:colcon.colcon_core.verb:set package 'robot_controller' build argument 'catkin_skip_building_tests' from command line to 'False'
[0.857s] DEBUG:colcon.colcon_core.verb:Building package 'robot_controller' with the following arguments: {'ament_cmake_args': None, 'build_base': '/home/ruee/ros2_ws/build/robot_controller', 'catkin_cmake_args': None, 'catkin_skip_building_tests': False, 'cmake_args': None, 'cmake_clean_cache': False, 'cmake_clean_first': False, 'cmake_force_configure': False, 'cmake_target': None, 'cmake_target_skip_unavailable': False, 'install_base': '/home/ruee/ros2_ws/install/robot_controller', 'merge_install': False, 'path': '/home/ruee/ros2_ws/src/robot_controller', 'symlink_install': True, 'test_result_base': None}
[0.858s] INFO:colcon.colcon_core.executor:Executing jobs using 'parallel' executor
[0.860s] DEBUG:colcon.colcon_parallel_executor.executor.parallel:run_until_complete
[0.860s] INFO:colcon.colcon_ros.task.ament_cmake.build:Building ROS package in '/home/ruee/ros2_ws/src/robot_controller' with build type 'ament_cmake'
[0.861s] INFO:colcon.colcon_cmake.task.cmake.build:Building CMake package in '/home/ruee/ros2_ws/src/robot_controller'
[0.870s] INFO:colcon.colcon_core.plugin_system:Skipping extension 'colcon_core.shell.bat': Not used on non-Windows systems
[0.871s] INFO:colcon.colcon_core.shell:Skip shell extension 'powershell' for command environment: Not usable outside of PowerShell
[0.871s] DEBUG:colcon.colcon_core.shell:Skip shell extension 'dsv' for command environment
[0.902s] DEBUG:colcon.colcon_core.event_handler.log_command:Invoking command in '/home/ruee/ros2_ws/build/robot_controller': CMAKE_PREFIX_PATH=${CMAKE_PREFIX_PATH}:/home/ruee/ros2_ws/install/robot_controller:/home/ruee/ros2_ws/install/maze_control:/home/ruee/training_ws/install/maze_control:/opt/ros/jazzy DEBUGINFOD_URLS=https://debuginfod.ubuntu.com /usr/bin/cmake /home/ruee/ros2_ws/src/robot_controller -DAMENT_CMAKE_SYMLINK_INSTALL=1 -DCMAKE_INSTALL_PREFIX=/home/ruee/ros2_ws/install/robot_controller
[9.800s] DEBUG:colcon.colcon_core.event_handler.log_command:Invoked command in '/home/ruee/ros2_ws/build/robot_controller' returned '0': CMAKE_PREFIX_PATH=${CMAKE_PREFIX_PATH}:/home/ruee/ros2_ws/install/robot_controller:/home/ruee/ros2_ws/install/maze_control:/home/ruee/training_ws/install/maze_control:/opt/ros/jazzy DEBUGINFOD_URLS=https://debuginfod.ubuntu.com /usr/bin/cmake /home/ruee/ros2_ws/src/robot_controller -DAMENT_CMAKE_SYMLINK_INSTALL=1 -DCMAKE_INSTALL_PREFIX=/home/ruee/ros2_ws/install/robot_controller
[9.802s] DEBUG:colcon.colcon_core.event_handler.log_command:Invoking command in '/home/ruee/ros2_ws/build/robot_controller': CMAKE_PREFIX_PATH=${CMAKE_PREFIX_PATH}:/home/ruee/ros2_ws/install/robot_controller:/home/ruee/ros2_ws/install/maze_control:/home/ruee/training_ws/install/maze_control:/opt/ros/jazzy DEBUGINFOD_URLS=https://debuginfod.ubuntu.com /usr/bin/cmake --build /home/ruee/ros2_ws/build/robot_controller -- -j7 -l7
[20.556s] DEBUG:colcon.colcon_core.event_handler.log_command:Invoked command in '/home/ruee/ros2_ws/build/robot_controller' returned '0': CMAKE_PREFIX_PATH=${CMAKE_PREFIX_PATH}:/home/ruee/ros2_ws/install/robot_controller:/home/ruee/ros2_ws/install/maze_control:/home/ruee/training_ws/install/maze_control:/opt/ros/jazzy DEBUGINFOD_URLS=https://debuginfod.ubuntu.com /usr/bin/cmake --build /home/ruee/ros2_ws/build/robot_controller -- -j7 -l7
[20.569s] DEBUG:colcon.colcon_core.event_handler.log_command:Invoking command in '/home/ruee/ros2_ws/build/robot_controller': CMAKE_PREFIX_PATH=${CMAKE_PREFIX_PATH}:/home/ruee/ros2_ws/install/robot_controller:/home/ruee/ros2_ws/install/maze_control:/home/ruee/training_ws/install/maze_control:/opt/ros/jazzy DEBUGINFOD_URLS=https://debuginfod.ubuntu.com /usr/bin/cmake --install /home/ruee/ros2_ws/build/robot_controller
[22.567s] Level 1:colcon.colcon_core.environment:create_environment_scripts_only(robot_controller)
[22.568s] DEBUG:colcon.colcon_core.event_handler.log_command:Invoked command in '/home/ruee/ros2_ws/build/robot_controller' returned '0': CMAKE_PREFIX_PATH=${CMAKE_PREFIX_PATH}:/home/ruee/ros2_ws/install/robot_controller:/home/ruee/ros2_ws/install/maze_control:/home/ruee/training_ws/install/maze_control:/opt/ros/jazzy DEBUGINFOD_URLS=https://debuginfod.ubuntu.com /usr/bin/cmake --install /home/ruee/ros2_ws/build/robot_controller
[22.574s] Level 1:colcon.colcon_core.environment:checking '/home/ruee/ros2_ws/install/robot_controller' for CMake module files
[22.577s] Level 1:colcon.colcon_core.environment:checking '/home/ruee/ros2_ws/install/robot_controller' for CMake config files
[22.579s] Level 1:colcon.colcon_core.shell:create_environment_hook('robot_controller', 'cmake_prefix_path')
[22.579s] INFO:colcon.colcon_core.shell:Creating environment hook '/home/ruee/ros2_ws/install/robot_controller/share/robot_controller/hook/cmake_prefix_path.ps1'
[22.582s] INFO:colcon.colcon_core.shell:Creating environment descriptor '/home/ruee/ros2_ws/install/robot_controller/share/robot_controller/hook/cmake_prefix_path.dsv'
[22.583s] INFO:colcon.colcon_core.shell:Creating environment hook '/home/ruee/ros2_ws/install/robot_controller/share/robot_controller/hook/cmake_prefix_path.sh'
[22.585s] Level 1:colcon.colcon_core.environment:checking '/home/ruee/ros2_ws/install/robot_controller/lib'
[22.586s] Level 1:colcon.colcon_core.shell:create_environment_hook('robot_controller', 'ld_library_path_lib')
[22.586s] INFO:colcon.colcon_core.shell:Creating environment hook '/home/ruee/ros2_ws/install/robot_controller/share/robot_controller/hook/ld_library_path_lib.ps1'
[22.587s] INFO:colcon.colcon_core.shell:Creating environment descriptor '/home/ruee/ros2_ws/install/robot_controller/share/robot_controller/hook/ld_library_path_lib.dsv'
[22.589s] INFO:colcon.colcon_core.shell:Creating environment hook '/home/ruee/ros2_ws/install/robot_controller/share/robot_controller/hook/ld_library_path_lib.sh'
[22.590s] Level 1:colcon.colcon_core.environment:checking '/home/ruee/ros2_ws/install/robot_controller/bin'
[22.590s] Level 1:colcon.colcon_core.environment:checking '/home/ruee/ros2_ws/install/robot_controller/lib/pkgconfig/robot_controller.pc'
[22.591s] Level 1:colcon.colcon_core.environment:checking '/home/ruee/ros2_ws/install/robot_controller/lib/python3.12/site-packages'
[22.591s] Level 1:colcon.colcon_core.shell:create_environment_hook('robot_controller', 'pythonpath')
[22.592s] INFO:colcon.colcon_core.shell:Creating environment hook '/home/ruee/ros2_ws/install/robot_controller/share/robot_controller/hook/pythonpath.ps1'
[22.593s] INFO:colcon.colcon_core.shell:Creating environment descriptor '/home/ruee/ros2_ws/install/robot_controller/share/robot_controller/hook/pythonpath.dsv'
[22.594s] INFO:colcon.colcon_core.shell:Creating environment hook '/home/ruee/ros2_ws/install/robot_controller/share/robot_controller/hook/pythonpath.sh'
[22.596s] Level 1:colcon.colcon_core.environment:checking '/home/ruee/ros2_ws/install/robot_controller/bin'
[22.597s] INFO:colcon.colcon_core.shell:Creating package script '/home/ruee/ros2_ws/install/robot_controller/share/robot_controller/package.ps1'
[22.601s] INFO:colcon.colcon_core.shell:Creating package descriptor '/home/ruee/ros2_ws/install/robot_controller/share/robot_controller/package.dsv'
[22.603s] INFO:colcon.colcon_core.shell:Creating package script '/home/ruee/ros2_ws/install/robot_controller/share/robot_controller/package.sh'
[22.606s] INFO:colcon.colcon_core.shell:Creating package script '/home/ruee/ros2_ws/install/robot_controller/share/robot_controller/package.bash'
[22.608s] INFO:colcon.colcon_core.shell:Creating package script '/home/ruee/ros2_ws/install/robot_controller/share/robot_controller/package.zsh'
[22.610s] Level 1:colcon.colcon_core.environment:create_file_with_runtime_dependencies(/home/ruee/ros2_ws/install/robot_controller/share/colcon-core/packages/robot_controller)
[22.612s] Level 1:colcon.colcon_core.environment:create_environment_scripts_only(robot_controller)
[22.613s] Level 1:colcon.colcon_core.environment:checking '/home/ruee/ros2_ws/install/robot_controller' for CMake module files
[22.616s] Level 1:colcon.colcon_core.environment:checking '/home/ruee/ros2_ws/install/robot_controller' for CMake config files
[22.617s] Level 1:colcon.colcon_core.shell:create_environment_hook('robot_controller', 'cmake_prefix_path')
[22.618s] INFO:colcon.colcon_core.shell:Creating environment hook '/home/ruee/ros2_ws/install/robot_controller/share/robot_controller/hook/cmake_prefix_path.ps1'
[22.620s] INFO:colcon.colcon_core.shell:Creating environment descriptor '/home/ruee/ros2_ws/install/robot_controller/share/robot_controller/hook/cmake_prefix_path.dsv'
[22.621s] INFO:colcon.colcon_core.shell:Creating environment hook '/home/ruee/ros2_ws/install/robot_controller/share/robot_controller/hook/cmake_prefix_path.sh'
[22.624s] Level 1:colcon.colcon_core.environment:checking '/home/ruee/ros2_ws/install/robot_controller/lib'
[22.625s] Level 1:colcon.colcon_core.shell:create_environment_hook('robot_controller', 'ld_library_path_lib')
[22.625s] INFO:colcon.colcon_core.shell:Creating environment hook '/home/ruee/ros2_ws/install/robot_controller/share/robot_controller/hook/ld_library_path_lib.ps1'
[22.627s] INFO:colcon.colcon_core.shell:Creating environment descriptor '/home/ruee/ros2_ws/install/robot_controller/share/robot_controller/hook/ld_library_path_lib.dsv'
[22.628s] INFO:colcon.colcon_core.shell:Creating environment hook '/home/ruee/ros2_ws/install/robot_controller/share/robot_controller/hook/ld_library_path_lib.sh'
[22.631s] Level 1:colcon.colcon_core.environment:checking '/home/ruee/ros2_ws/install/robot_controller/bin'
[22.631s] Level 1:colcon.colcon_core.environment:checking '/home/ruee/ros2_ws/install/robot_controller/lib/pkgconfig/robot_controller.pc'
[22.632s] Level 1:colcon.colcon_core.environment:checking '/home/ruee/ros2_ws/install/robot_controller/lib/python3.12/site-packages'
[22.633s] Level 1:colcon.colcon_core.shell:create_environment_hook('robot_controller', 'pythonpath')
[22.633s] INFO:colcon.colcon_core.shell:Creating environment hook '/home/ruee/ros2_ws/install/robot_controller/share/robot_controller/hook/pythonpath.ps1'
[22.635s] INFO:colcon.colcon_core.shell:Creating environment descriptor '/home/ruee/ros2_ws/install/robot_controller/share/robot_controller/hook/pythonpath.dsv'
[22.636s] INFO:colcon.colcon_core.shell:Creating environment hook '/home/ruee/ros2_ws/install/robot_controller/share/robot_controller/hook/pythonpath.sh'
[22.638s] Level 1:colcon.colcon_core.environment:checking '/home/ruee/ros2_ws/install/robot_controller/bin'
[22.639s] INFO:colcon.colcon_core.shell:Creating package script '/home/ruee/ros2_ws/install/robot_controller/share/robot_controller/package.ps1'
[22.642s] INFO:colcon.colcon_core.shell:Creating package descriptor '/home/ruee/ros2_ws/install/robot_controller/share/robot_controller/package.dsv'
[22.643s] INFO:colcon.colcon_core.shell:Creating package script '/home/ruee/ros2_ws/install/robot_controller/share/robot_controller/package.sh'
[22.645s] INFO:colcon.colcon_core.shell:Creating package script '/home/ruee/ros2_ws/install/robot_controller/share/robot_controller/package.bash'
[22.647s] INFO:colcon.colcon_core.shell:Creating package script '/home/ruee/ros2_ws/install/robot_controller/share/robot_controller/package.zsh'
[22.648s] Level 1:colcon.colcon_core.environment:create_file_with_runtime_dependencies(/home/ruee/ros2_ws/install/robot_controller/share/colcon-core/packages/robot_controller)
[22.649s] DEBUG:colcon.colcon_parallel_executor.executor.parallel:closing loop
[22.651s] DEBUG:colcon.colcon_parallel_executor.executor.parallel:loop closed
[22.653s] DEBUG:colcon.colcon_parallel_executor.executor.parallel:run_until_complete finished with '0'
[22.653s] DEBUG:colcon.colcon_core.event_reactor:joining thread
[22.677s] INFO:colcon.colcon_core.plugin_system:Skipping extension 'colcon_notification.desktop_notification.terminal_notifier': Not used on non-Darwin systems
[22.677s] INFO:colcon.colcon_core.plugin_system:Skipping extension 'colcon_notification.desktop_notification.win32': Not used on non-Windows systems
[22.677s] INFO:colcon.colcon_notification.desktop_notification:Sending desktop notification using 'notify2'
[22.725s] DEBUG:colcon.colcon_core.event_reactor:joined thread
[22.726s] INFO:colcon.colcon_core.shell:Creating prefix script '/home/ruee/ros2_ws/install/local_setup.ps1'
[22.731s] INFO:colcon.colcon_core.shell:Creating prefix util module '/home/ruee/ros2_ws/install/_local_setup_util_ps1.py'
[22.735s] INFO:colcon.colcon_core.shell:Creating prefix chain script '/home/ruee/ros2_ws/install/setup.ps1'
[22.740s] INFO:colcon.colcon_core.shell:Creating prefix script '/home/ruee/ros2_ws/install/local_setup.sh'
[22.742s] INFO:colcon.colcon_core.shell:Creating prefix util module '/home/ruee/ros2_ws/install/_local_setup_util_sh.py'
[22.744s] INFO:colcon.colcon_core.shell:Creating prefix chain script '/home/ruee/ros2_ws/install/setup.sh'
[22.748s] INFO:colcon.colcon_core.shell:Creating prefix script '/home/ruee/ros2_ws/install/local_setup.bash'
[22.750s] INFO:colcon.colcon_core.shell:Creating prefix chain script '/home/ruee/ros2_ws/install/setup.bash'
[22.754s] INFO:colcon.colcon_core.shell:Creating prefix script '/home/ruee/ros2_ws/install/local_setup.zsh'
[22.756s] INFO:colcon.colcon_core.shell:Creating prefix chain script '/home/ruee/ros2_ws/install/setup.zsh'
