[0.345s] DEBUG:colcon:Command line arguments: ['/usr/bin/colcon', 'build', '--symlink-install', '--packages-select', 'robot_controller']
[0.345s] DEBUG:colcon:Parsed command line arguments: Namespace(log_base=None, log_level=None, verb_name='build', build_base='build', install_base='install', merge_install=False, symlink_install=True, test_result_base=None, continue_on_error=False, executor='parallel', parallel_workers=7, event_handlers=None, ignore_user_meta=False, metas=['./colcon.meta'], base_paths=['.'], packages_ignore=None, packages_ignore_regex=None, paths=None, packages_up_to=None, packages_up_to_regex=None, packages_above=None, packages_above_and_dependencies=None, packages_above_depth=None, packages_select_by_dep=None, packages_skip_by_dep=None, packages_skip_up_to=None, packages_select_build_failed=False, packages_skip_build_finished=False, packages_select_test_failures=False, packages_skip_test_passed=False, packages_select=['robot_controller'], packages_skip=None, packages_select_regex=None, packages_skip_regex=None, packages_start=None, packages_end=None, allow_overriding=[], cmake_args=None, cmake_target=None, cmake_target_skip_unavailable=False, cmake_clean_cache=False, cmake_clean_first=False, cmake_force_configure=False, ament_cmake_args=None, catkin_cmake_args=None, catkin_skip_building_tests=False, mixin_files=None, mixin=None, verb_parser=<colcon_mixin.mixin.mixin_argument.MixinArgumentDecorator object at 0x791fee6ad0d0>, verb_extension=<colcon_core.verb.build.BuildVerb object at 0x791fee7c5040>, main=<bound method BuildVerb.main of <colcon_core.verb.build.BuildVerb object at 0x791fee7c5040>>, mixin_verb=('build',))
[0.464s] Level 1:colcon.colcon_core.package_discovery:discover_packages(colcon_meta) check parameters
[0.464s] Level 1:colcon.colcon_core.package_discovery:discover_packages(recursive) check parameters
[0.464s] Level 1:colcon.colcon_core.package_discovery:discover_packages(ignore) check parameters
[0.464s] Level 1:colcon.colcon_core.package_discovery:discover_packages(path) check parameters
[0.464s] Level 1:colcon.colcon_core.package_discovery:discover_packages(colcon_meta) discover
[0.464s] Level 1:colcon.colcon_core.package_discovery:discover_packages(recursive) discover
[0.464s] INFO:colcon.colcon_core.package_discovery:Crawling recursively for packages in '/home/ruee/ros2_ws'
[0.465s] Level 1:colcon.colcon_core.package_identification:_identify(.) by extensions ['ignore', 'ignore_ament_install']
[0.465s] Level 1:colcon.colcon_core.package_identification:_identify(.) by extension 'ignore'
[0.465s] Level 1:colcon.colcon_core.package_identification:_identify(.) by extension 'ignore_ament_install'
[0.465s] Level 1:colcon.colcon_core.package_identification:_identify(.) by extensions ['colcon_pkg']
[0.465s] Level 1:colcon.colcon_core.package_identification:_identify(.) by extension 'colcon_pkg'
[0.465s] Level 1:colcon.colcon_core.package_identification:_identify(.) by extensions ['colcon_meta']
[0.465s] Level 1:colcon.colcon_core.package_identification:_identify(.) by extension 'colcon_meta'
[0.465s] Level 1:colcon.colcon_core.package_identification:_identify(.) by extensions ['ros']
[0.465s] Level 1:colcon.colcon_core.package_identification:_identify(.) by extension 'ros'
[0.565s] Level 1:colcon.colcon_core.package_identification:_identify(.) by extensions ['cmake', 'python']
[0.565s] Level 1:colcon.colcon_core.package_identification:_identify(.) by extension 'cmake'
[0.566s] Level 1:colcon.colcon_core.package_identification:_identify(.) by extension 'python'
[0.566s] Level 1:colcon.colcon_core.package_identification:_identify(.) by extensions ['python_setup_py']
[0.566s] Level 1:colcon.colcon_core.package_identification:_identify(.) by extension 'python_setup_py'
[0.567s] Level 1:colcon.colcon_core.package_identification:_identify(build) by extensions ['ignore', 'ignore_ament_install']
[0.567s] Level 1:colcon.colcon_core.package_identification:_identify(build) by extension 'ignore'
[0.568s] Level 1:colcon.colcon_core.package_identification:_identify(build) ignored
[0.568s] Level 1:colcon.colcon_core.package_identification:_identify(install) by extensions ['ignore', 'ignore_ament_install']
[0.569s] Level 1:colcon.colcon_core.package_identification:_identify(install) by extension 'ignore'
[0.569s] Level 1:colcon.colcon_core.package_identification:_identify(install) ignored
[0.569s] Level 1:colcon.colcon_core.package_identification:_identify(log) by extensions ['ignore', 'ignore_ament_install']
[0.570s] Level 1:colcon.colcon_core.package_identification:_identify(log) by extension 'ignore'
[0.570s] Level 1:colcon.colcon_core.package_identification:_identify(log) ignored
[0.571s] Level 1:colcon.colcon_core.package_identification:_identify(src) by extensions ['ignore', 'ignore_ament_install']
[0.571s] Level 1:colcon.colcon_core.package_identification:_identify(src) by extension 'ignore'
[0.571s] Level 1:colcon.colcon_core.package_identification:_identify(src) by extension 'ignore_ament_install'
[0.572s] Level 1:colcon.colcon_core.package_identification:_identify(src) by extensions ['colcon_pkg']
[0.572s] Level 1:colcon.colcon_core.package_identification:_identify(src) by extension 'colcon_pkg'
[0.572s] Level 1:colcon.colcon_core.package_identification:_identify(src) by extensions ['colcon_meta']
[0.572s] Level 1:colcon.colcon_core.package_identification:_identify(src) by extension 'colcon_meta'
[0.573s] Level 1:colcon.colcon_core.package_identification:_identify(src) by extensions ['ros']
[0.573s] Level 1:colcon.colcon_core.package_identification:_identify(src) by extension 'ros'
[0.573s] Level 1:colcon.colcon_core.package_identification:_identify(src) by extensions ['cmake', 'python']
[0.573s] Level 1:colcon.colcon_core.package_identification:_identify(src) by extension 'cmake'
[0.574s] Level 1:colcon.colcon_core.package_identification:_identify(src) by extension 'python'
[0.574s] Level 1:colcon.colcon_core.package_identification:_identify(src) by extensions ['python_setup_py']
[0.574s] Level 1:colcon.colcon_core.package_identification:_identify(src) by extension 'python_setup_py'
[0.575s] Level 1:colcon.colcon_core.package_identification:_identify(src/maze_control) by extensions ['ignore', 'ignore_ament_install']
[0.575s] Level 1:colcon.colcon_core.package_identification:_identify(src/maze_control) by extension 'ignore'
[0.575s] Level 1:colcon.colcon_core.package_identification:_identify(src/maze_control) by extension 'ignore_ament_install'
[0.576s] Level 1:colcon.colcon_core.package_identification:_identify(src/maze_control) by extensions ['colcon_pkg']
[0.577s] Level 1:colcon.colcon_core.package_identification:_identify(src/maze_control) by extension 'colcon_pkg'
[0.578s] Level 1:colcon.colcon_core.package_identification:_identify(src/maze_control) by extensions ['colcon_meta']
[0.578s] Level 1:colcon.colcon_core.package_identification:_identify(src/maze_control) by extension 'colcon_meta'
[0.579s] Level 1:colcon.colcon_core.package_identification:_identify(src/maze_control) by extensions ['ros']
[0.579s] Level 1:colcon.colcon_core.package_identification:_identify(src/maze_control) by extension 'ros'
[0.590s] DEBUG:colcon.colcon_core.package_identification:Package 'src/maze_control' with type 'ros.ament_python' and name 'maze_control'
[0.590s] Level 1:colcon.colcon_core.package_identification:_identify(src/robot_controller) by extensions ['ignore', 'ignore_ament_install']
[0.591s] Level 1:colcon.colcon_core.package_identification:_identify(src/robot_controller) by extension 'ignore'
[0.591s] Level 1:colcon.colcon_core.package_identification:_identify(src/robot_controller) by extension 'ignore_ament_install'
[0.591s] Level 1:colcon.colcon_core.package_identification:_identify(src/robot_controller) by extensions ['colcon_pkg']
[0.592s] Level 1:colcon.colcon_core.package_identification:_identify(src/robot_controller) by extension 'colcon_pkg'
[0.592s] Level 1:colcon.colcon_core.package_identification:_identify(src/robot_controller) by extensions ['colcon_meta']
[0.592s] Level 1:colcon.colcon_core.package_identification:_identify(src/robot_controller) by extension 'colcon_meta'
[0.593s] Level 1:colcon.colcon_core.package_identification:_identify(src/robot_controller) by extensions ['ros']
[0.593s] Level 1:colcon.colcon_core.package_identification:_identify(src/robot_controller) by extension 'ros'
[0.597s] DEBUG:colcon.colcon_core.package_identification:Package 'src/robot_controller' with type 'ros.ament_cmake' and name 'robot_controller'
[0.597s] Level 1:colcon.colcon_core.package_discovery:discover_packages(recursive) using defaults
[0.598s] Level 1:colcon.colcon_core.package_discovery:discover_packages(ignore) discover
[0.598s] Level 1:colcon.colcon_core.package_discovery:discover_packages(ignore) using defaults
[0.598s] Level 1:colcon.colcon_core.package_discovery:discover_packages(path) discover
[0.598s] Level 1:colcon.colcon_core.package_discovery:discover_packages(path) using defaults
[0.667s] INFO:colcon.colcon_core.package_selection:Skipping not selected package 'maze_control' in 'src/maze_control'
[0.669s] Level 1:colcon.colcon_core.package_discovery:discover_packages(prefix_path) check parameters
[0.669s] Level 1:colcon.colcon_core.package_discovery:discover_packages(prefix_path) discover
[0.677s] DEBUG:colcon.colcon_installed_package_information.package_discovery:Found 2 installed packages in /home/ruee/ros2_ws/install
[0.679s] DEBUG:colcon.colcon_installed_package_information.package_discovery:Found 1 installed packages in /home/ruee/training_ws/install
[0.688s] DEBUG:colcon.colcon_installed_package_information.package_discovery:Found 398 installed packages in /opt/ros/jazzy
[0.697s] Level 1:colcon.colcon_core.package_discovery:discover_packages(prefix_path) using defaults
[0.940s] Level 5:colcon.colcon_core.verb:set package 'robot_controller' build argument 'cmake_args' from command line to 'None'
[0.941s] Level 5:colcon.colcon_core.verb:set package 'robot_controller' build argument 'cmake_target' from command line to 'None'
[0.941s] Level 5:colcon.colcon_core.verb:set package 'robot_controller' build argument 'cmake_target_skip_unavailable' from command line to 'False'
[0.941s] Level 5:colcon.colcon_core.verb:set package 'robot_controller' build argument 'cmake_clean_cache' from command line to 'False'
[0.941s] Level 5:colcon.colcon_core.verb:set package 'robot_controller' build argument 'cmake_clean_first' from command line to 'False'
[0.941s] Level 5:colcon.colcon_core.verb:set package 'robot_controller' build argument 'cmake_force_configure' from command line to 'False'
[0.941s] Level 5:colcon.colcon_core.verb:set package 'robot_controller' build argument 'ament_cmake_args' from command line to 'None'
[0.941s] Level 5:colcon.colcon_core.verb:set package 'robot_controller' build argument 'catkin_cmake_args' from command line to 'None'
[0.941s] Level 5:colcon.colcon_core.verb:set package 'robot_controller' build argument 'catkin_skip_building_tests' from command line to 'False'
[0.941s] DEBUG:colcon.colcon_core.verb:Building package 'robot_controller' with the following arguments: {'ament_cmake_args': None, 'build_base': '/home/ruee/ros2_ws/build/robot_controller', 'catkin_cmake_args': None, 'catkin_skip_building_tests': False, 'cmake_args': None, 'cmake_clean_cache': False, 'cmake_clean_first': False, 'cmake_force_configure': False, 'cmake_target': None, 'cmake_target_skip_unavailable': False, 'install_base': '/home/ruee/ros2_ws/install/robot_controller', 'merge_install': False, 'path': '/home/ruee/ros2_ws/src/robot_controller', 'symlink_install': True, 'test_result_base': None}
[0.942s] INFO:colcon.colcon_core.executor:Executing jobs using 'parallel' executor
[0.944s] DEBUG:colcon.colcon_parallel_executor.executor.parallel:run_until_complete
[0.945s] INFO:colcon.colcon_ros.task.ament_cmake.build:Building ROS package in '/home/ruee/ros2_ws/src/robot_controller' with build type 'ament_cmake'
[0.945s] INFO:colcon.colcon_cmake.task.cmake.build:Building CMake package in '/home/ruee/ros2_ws/src/robot_controller'
[0.950s] INFO:colcon.colcon_core.plugin_system:Skipping extension 'colcon_core.shell.bat': Not used on non-Windows systems
[0.951s] INFO:colcon.colcon_core.shell:Skip shell extension 'powershell' for command environment: Not usable outside of PowerShell
[0.951s] DEBUG:colcon.colcon_core.shell:Skip shell extension 'dsv' for command environment
[0.988s] DEBUG:colcon.colcon_core.event_handler.log_command:Invoking command in '/home/ruee/ros2_ws/build/robot_controller': CMAKE_PREFIX_PATH=${CMAKE_PREFIX_PATH}:/home/ruee/ros2_ws/install/maze_control:/home/ruee/training_ws/install/maze_control:/opt/ros/jazzy DEBUGINFOD_URLS=https://debuginfod.ubuntu.com /usr/bin/cmake --build /home/ruee/ros2_ws/build/robot_controller -- -j7 -l7
[2.329s] DEBUG:colcon.colcon_core.event_handler.log_command:Invoked command in '/home/ruee/ros2_ws/build/robot_controller' returned '0': CMAKE_PREFIX_PATH=${CMAKE_PREFIX_PATH}:/home/ruee/ros2_ws/install/maze_control:/home/ruee/training_ws/install/maze_control:/opt/ros/jazzy DEBUGINFOD_URLS=https://debuginfod.ubuntu.com /usr/bin/cmake --build /home/ruee/ros2_ws/build/robot_controller -- -j7 -l7
[2.350s] DEBUG:colcon.colcon_core.event_handler.log_command:Invoking command in '/home/ruee/ros2_ws/build/robot_controller': CMAKE_PREFIX_PATH=${CMAKE_PREFIX_PATH}:/home/ruee/ros2_ws/install/maze_control:/home/ruee/training_ws/install/maze_control:/opt/ros/jazzy DEBUGINFOD_URLS=https://debuginfod.ubuntu.com /usr/bin/cmake --install /home/ruee/ros2_ws/build/robot_controller
[2.607s] Level 1:colcon.colcon_core.environment:create_environment_scripts_only(robot_controller)
[2.607s] DEBUG:colcon.colcon_core.event_handler.log_command:Invoked command in '/home/ruee/ros2_ws/build/robot_controller' returned '0': CMAKE_PREFIX_PATH=${CMAKE_PREFIX_PATH}:/home/ruee/ros2_ws/install/maze_control:/home/ruee/training_ws/install/maze_control:/opt/ros/jazzy DEBUGINFOD_URLS=https://debuginfod.ubuntu.com /usr/bin/cmake --install /home/ruee/ros2_ws/build/robot_controller
[2.612s] Level 1:colcon.colcon_core.environment:checking '/home/ruee/ros2_ws/install/robot_controller' for CMake module files
[2.613s] Level 1:colcon.colcon_core.environment:checking '/home/ruee/ros2_ws/install/robot_controller' for CMake config files
[2.614s] Level 1:colcon.colcon_core.shell:create_environment_hook('robot_controller', 'cmake_prefix_path')
[2.614s] INFO:colcon.colcon_core.shell:Creating environment hook '/home/ruee/ros2_ws/install/robot_controller/share/robot_controller/hook/cmake_prefix_path.ps1'
[2.616s] INFO:colcon.colcon_core.shell:Creating environment descriptor '/home/ruee/ros2_ws/install/robot_controller/share/robot_controller/hook/cmake_prefix_path.dsv'
[2.617s] INFO:colcon.colcon_core.shell:Creating environment hook '/home/ruee/ros2_ws/install/robot_controller/share/robot_controller/hook/cmake_prefix_path.sh'
[2.619s] Level 1:colcon.colcon_core.environment:checking '/home/ruee/ros2_ws/install/robot_controller/lib'
[2.620s] Level 1:colcon.colcon_core.shell:create_environment_hook('robot_controller', 'ld_library_path_lib')
[2.621s] INFO:colcon.colcon_core.shell:Creating environment hook '/home/ruee/ros2_ws/install/robot_controller/share/robot_controller/hook/ld_library_path_lib.ps1'
[2.622s] INFO:colcon.colcon_core.shell:Creating environment descriptor '/home/ruee/ros2_ws/install/robot_controller/share/robot_controller/hook/ld_library_path_lib.dsv'
[2.622s] INFO:colcon.colcon_core.shell:Creating environment hook '/home/ruee/ros2_ws/install/robot_controller/share/robot_controller/hook/ld_library_path_lib.sh'
[2.623s] Level 1:colcon.colcon_core.environment:checking '/home/ruee/ros2_ws/install/robot_controller/bin'
[2.624s] Level 1:colcon.colcon_core.environment:checking '/home/ruee/ros2_ws/install/robot_controller/lib/pkgconfig/robot_controller.pc'
[2.624s] Level 1:colcon.colcon_core.environment:checking '/home/ruee/ros2_ws/install/robot_controller/lib/python3.12/site-packages'
[2.624s] Level 1:colcon.colcon_core.shell:create_environment_hook('robot_controller', 'pythonpath')
[2.625s] INFO:colcon.colcon_core.shell:Creating environment hook '/home/ruee/ros2_ws/install/robot_controller/share/robot_controller/hook/pythonpath.ps1'
[2.626s] INFO:colcon.colcon_core.shell:Creating environment descriptor '/home/ruee/ros2_ws/install/robot_controller/share/robot_controller/hook/pythonpath.dsv'
[2.627s] INFO:colcon.colcon_core.shell:Creating environment hook '/home/ruee/ros2_ws/install/robot_controller/share/robot_controller/hook/pythonpath.sh'
[2.629s] Level 1:colcon.colcon_core.environment:checking '/home/ruee/ros2_ws/install/robot_controller/bin'
[2.630s] INFO:colcon.colcon_core.shell:Creating package script '/home/ruee/ros2_ws/install/robot_controller/share/robot_controller/package.ps1'
[2.632s] INFO:colcon.colcon_core.shell:Creating package descriptor '/home/ruee/ros2_ws/install/robot_controller/share/robot_controller/package.dsv'
[2.633s] INFO:colcon.colcon_core.shell:Creating package script '/home/ruee/ros2_ws/install/robot_controller/share/robot_controller/package.sh'
[2.635s] INFO:colcon.colcon_core.shell:Creating package script '/home/ruee/ros2_ws/install/robot_controller/share/robot_controller/package.bash'
[2.638s] INFO:colcon.colcon_core.shell:Creating package script '/home/ruee/ros2_ws/install/robot_controller/share/robot_controller/package.zsh'
[2.641s] Level 1:colcon.colcon_core.environment:create_file_with_runtime_dependencies(/home/ruee/ros2_ws/install/robot_controller/share/colcon-core/packages/robot_controller)
[2.644s] Level 1:colcon.colcon_core.environment:create_environment_scripts_only(robot_controller)
[2.644s] Level 1:colcon.colcon_core.environment:checking '/home/ruee/ros2_ws/install/robot_controller' for CMake module files
[2.646s] Level 1:colcon.colcon_core.environment:checking '/home/ruee/ros2_ws/install/robot_controller' for CMake config files
[2.647s] Level 1:colcon.colcon_core.shell:create_environment_hook('robot_controller', 'cmake_prefix_path')
[2.648s] INFO:colcon.colcon_core.shell:Creating environment hook '/home/ruee/ros2_ws/install/robot_controller/share/robot_controller/hook/cmake_prefix_path.ps1'
[2.648s] INFO:colcon.colcon_core.shell:Creating environment descriptor '/home/ruee/ros2_ws/install/robot_controller/share/robot_controller/hook/cmake_prefix_path.dsv'
[2.650s] INFO:colcon.colcon_core.shell:Creating environment hook '/home/ruee/ros2_ws/install/robot_controller/share/robot_controller/hook/cmake_prefix_path.sh'
[2.652s] Level 1:colcon.colcon_core.environment:checking '/home/ruee/ros2_ws/install/robot_controller/lib'
[2.653s] Level 1:colcon.colcon_core.shell:create_environment_hook('robot_controller', 'ld_library_path_lib')
[2.653s] INFO:colcon.colcon_core.shell:Creating environment hook '/home/ruee/ros2_ws/install/robot_controller/share/robot_controller/hook/ld_library_path_lib.ps1'
[2.655s] INFO:colcon.colcon_core.shell:Creating environment descriptor '/home/ruee/ros2_ws/install/robot_controller/share/robot_controller/hook/ld_library_path_lib.dsv'
[2.656s] INFO:colcon.colcon_core.shell:Creating environment hook '/home/ruee/ros2_ws/install/robot_controller/share/robot_controller/hook/ld_library_path_lib.sh'
[2.657s] Level 1:colcon.colcon_core.environment:checking '/home/ruee/ros2_ws/install/robot_controller/bin'
[2.657s] Level 1:colcon.colcon_core.environment:checking '/home/ruee/ros2_ws/install/robot_controller/lib/pkgconfig/robot_controller.pc'
[2.658s] Level 1:colcon.colcon_core.environment:checking '/home/ruee/ros2_ws/install/robot_controller/lib/python3.12/site-packages'
[2.658s] Level 1:colcon.colcon_core.shell:create_environment_hook('robot_controller', 'pythonpath')
[2.659s] INFO:colcon.colcon_core.shell:Creating environment hook '/home/ruee/ros2_ws/install/robot_controller/share/robot_controller/hook/pythonpath.ps1'
[2.660s] INFO:colcon.colcon_core.shell:Creating environment descriptor '/home/ruee/ros2_ws/install/robot_controller/share/robot_controller/hook/pythonpath.dsv'
[2.661s] INFO:colcon.colcon_core.shell:Creating environment hook '/home/ruee/ros2_ws/install/robot_controller/share/robot_controller/hook/pythonpath.sh'
[2.665s] Level 1:colcon.colcon_core.environment:checking '/home/ruee/ros2_ws/install/robot_controller/bin'
[2.667s] INFO:colcon.colcon_core.shell:Creating package script '/home/ruee/ros2_ws/install/robot_controller/share/robot_controller/package.ps1'
[2.669s] INFO:colcon.colcon_core.shell:Creating package descriptor '/home/ruee/ros2_ws/install/robot_controller/share/robot_controller/package.dsv'
[2.671s] INFO:colcon.colcon_core.shell:Creating package script '/home/ruee/ros2_ws/install/robot_controller/share/robot_controller/package.sh'
[2.672s] INFO:colcon.colcon_core.shell:Creating package script '/home/ruee/ros2_ws/install/robot_controller/share/robot_controller/package.bash'
[2.673s] INFO:colcon.colcon_core.shell:Creating package script '/home/ruee/ros2_ws/install/robot_controller/share/robot_controller/package.zsh'
[2.675s] Level 1:colcon.colcon_core.environment:create_file_with_runtime_dependencies(/home/ruee/ros2_ws/install/robot_controller/share/colcon-core/packages/robot_controller)
[2.675s] DEBUG:colcon.colcon_parallel_executor.executor.parallel:closing loop
[2.677s] DEBUG:colcon.colcon_parallel_executor.executor.parallel:loop closed
[2.677s] DEBUG:colcon.colcon_parallel_executor.executor.parallel:run_until_complete finished with '0'
[2.677s] DEBUG:colcon.colcon_core.event_reactor:joining thread
[2.690s] INFO:colcon.colcon_core.plugin_system:Skipping extension 'colcon_notification.desktop_notification.terminal_notifier': Not used on non-Darwin systems
[2.690s] INFO:colcon.colcon_core.plugin_system:Skipping extension 'colcon_notification.desktop_notification.win32': Not used on non-Windows systems
[2.691s] INFO:colcon.colcon_notification.desktop_notification:Sending desktop notification using 'notify2'
[2.722s] DEBUG:colcon.colcon_core.event_reactor:joined thread
[2.723s] INFO:colcon.colcon_core.shell:Creating prefix script '/home/ruee/ros2_ws/install/local_setup.ps1'
[2.725s] INFO:colcon.colcon_core.shell:Creating prefix util module '/home/ruee/ros2_ws/install/_local_setup_util_ps1.py'
[2.728s] INFO:colcon.colcon_core.shell:Creating prefix chain script '/home/ruee/ros2_ws/install/setup.ps1'
[2.732s] INFO:colcon.colcon_core.shell:Creating prefix script '/home/ruee/ros2_ws/install/local_setup.sh'
[2.733s] INFO:colcon.colcon_core.shell:Creating prefix util module '/home/ruee/ros2_ws/install/_local_setup_util_sh.py'
[2.735s] INFO:colcon.colcon_core.shell:Creating prefix chain script '/home/ruee/ros2_ws/install/setup.sh'
[2.738s] INFO:colcon.colcon_core.shell:Creating prefix script '/home/ruee/ros2_ws/install/local_setup.bash'
[2.740s] INFO:colcon.colcon_core.shell:Creating prefix chain script '/home/ruee/ros2_ws/install/setup.bash'
[2.743s] INFO:colcon.colcon_core.shell:Creating prefix script '/home/ruee/ros2_ws/install/local_setup.zsh'
[2.745s] INFO:colcon.colcon_core.shell:Creating prefix chain script '/home/ruee/ros2_ws/install/setup.zsh'
