[0.326s] DEBUG:colcon:Command line arguments: ['/usr/bin/colcon', 'build', '--symlink-install']
[0.327s] DEBUG:colcon:Parsed command line arguments: Namespace(log_base=None, log_level=None, verb_name='build', build_base='build', install_base='install', merge_install=False, symlink_install=True, test_result_base=None, continue_on_error=False, executor='parallel', parallel_workers=7, event_handlers=None, ignore_user_meta=False, metas=['./colcon.meta'], base_paths=['.'], packages_ignore=None, packages_ignore_regex=None, paths=None, packages_up_to=None, packages_up_to_regex=None, packages_above=None, packages_above_and_dependencies=None, packages_above_depth=None, packages_select_by_dep=None, packages_skip_by_dep=None, packages_skip_up_to=None, packages_select_build_failed=False, packages_skip_build_finished=False, packages_select_test_failures=False, packages_skip_test_passed=False, packages_select=None, packages_skip=None, packages_select_regex=None, packages_skip_regex=None, packages_start=None, packages_end=None, allow_overriding=[], cmake_args=None, cmake_target=None, cmake_target_skip_unavailable=False, cmake_clean_cache=False, cmake_clean_first=False, cmake_force_configure=False, ament_cmake_args=None, catkin_cmake_args=None, catkin_skip_building_tests=False, mixin_files=None, mixin=None, verb_parser=<colcon_mixin.mixin.mixin_argument.MixinArgumentDecorator object at 0x7d3b2aaac980>, verb_extension=<colcon_core.verb.build.BuildVerb object at 0x7d3b2ab6a240>, main=<bound method BuildVerb.main of <colcon_core.verb.build.BuildVerb object at 0x7d3b2ab6a240>>, mixin_verb=('build',))
[0.496s] Level 1:colcon.colcon_core.package_discovery:discover_packages(colcon_meta) check parameters
[0.496s] Level 1:colcon.colcon_core.package_discovery:discover_packages(recursive) check parameters
[0.497s] Level 1:colcon.colcon_core.package_discovery:discover_packages(ignore) check parameters
[0.497s] Level 1:colcon.colcon_core.package_discovery:discover_packages(path) check parameters
[0.497s] Level 1:colcon.colcon_core.package_discovery:discover_packages(colcon_meta) discover
[0.497s] Level 1:colcon.colcon_core.package_discovery:discover_packages(recursive) discover
[0.497s] INFO:colcon.colcon_core.package_discovery:Crawling recursively for packages in '/home/ruee/ros2_ws'
[0.497s] Level 1:colcon.colcon_core.package_identification:_identify(.) by extensions ['ignore', 'ignore_ament_install']
[0.498s] Level 1:colcon.colcon_core.package_identification:_identify(.) by extension 'ignore'
[0.498s] Level 1:colcon.colcon_core.package_identification:_identify(.) by extension 'ignore_ament_install'
[0.498s] Level 1:colcon.colcon_core.package_identification:_identify(.) by extensions ['colcon_pkg']
[0.498s] Level 1:colcon.colcon_core.package_identification:_identify(.) by extension 'colcon_pkg'
[0.499s] Level 1:colcon.colcon_core.package_identification:_identify(.) by extensions ['colcon_meta']
[0.499s] Level 1:colcon.colcon_core.package_identification:_identify(.) by extension 'colcon_meta'
[0.499s] Level 1:colcon.colcon_core.package_identification:_identify(.) by extensions ['ros']
[0.499s] Level 1:colcon.colcon_core.package_identification:_identify(.) by extension 'ros'
[0.609s] Level 1:colcon.colcon_core.package_identification:_identify(.) by extensions ['cmake', 'python']
[0.609s] Level 1:colcon.colcon_core.package_identification:_identify(.) by extension 'cmake'
[0.610s] Level 1:colcon.colcon_core.package_identification:_identify(.) by extension 'python'
[0.610s] Level 1:colcon.colcon_core.package_identification:_identify(.) by extensions ['python_setup_py']
[0.610s] Level 1:colcon.colcon_core.package_identification:_identify(.) by extension 'python_setup_py'
[0.610s] Level 1:colcon.colcon_core.package_identification:_identify(build) by extensions ['ignore', 'ignore_ament_install']
[0.611s] Level 1:colcon.colcon_core.package_identification:_identify(build) by extension 'ignore'
[0.611s] Level 1:colcon.colcon_core.package_identification:_identify(build) ignored
[0.611s] Level 1:colcon.colcon_core.package_identification:_identify(install) by extensions ['ignore', 'ignore_ament_install']
[0.612s] Level 1:colcon.colcon_core.package_identification:_identify(install) by extension 'ignore'
[0.612s] Level 1:colcon.colcon_core.package_identification:_identify(install) ignored
[0.612s] Level 1:colcon.colcon_core.package_identification:_identify(log) by extensions ['ignore', 'ignore_ament_install']
[0.613s] Level 1:colcon.colcon_core.package_identification:_identify(log) by extension 'ignore'
[0.613s] Level 1:colcon.colcon_core.package_identification:_identify(log) ignored
[0.613s] Level 1:colcon.colcon_core.package_identification:_identify(src) by extensions ['ignore', 'ignore_ament_install']
[0.614s] Level 1:colcon.colcon_core.package_identification:_identify(src) by extension 'ignore'
[0.614s] Level 1:colcon.colcon_core.package_identification:_identify(src) by extension 'ignore_ament_install'
[0.614s] Level 1:colcon.colcon_core.package_identification:_identify(src) by extensions ['colcon_pkg']
[0.614s] Level 1:colcon.colcon_core.package_identification:_identify(src) by extension 'colcon_pkg'
[0.614s] Level 1:colcon.colcon_core.package_identification:_identify(src) by extensions ['colcon_meta']
[0.614s] Level 1:colcon.colcon_core.package_identification:_identify(src) by extension 'colcon_meta'
[0.614s] Level 1:colcon.colcon_core.package_identification:_identify(src) by extensions ['ros']
[0.615s] Level 1:colcon.colcon_core.package_identification:_identify(src) by extension 'ros'
[0.615s] Level 1:colcon.colcon_core.package_identification:_identify(src) by extensions ['cmake', 'python']
[0.615s] Level 1:colcon.colcon_core.package_identification:_identify(src) by extension 'cmake'
[0.615s] Level 1:colcon.colcon_core.package_identification:_identify(src) by extension 'python'
[0.615s] Level 1:colcon.colcon_core.package_identification:_identify(src) by extensions ['python_setup_py']
[0.615s] Level 1:colcon.colcon_core.package_identification:_identify(src) by extension 'python_setup_py'
[0.616s] Level 1:colcon.colcon_core.package_identification:_identify(src/maze_control) by extensions ['ignore', 'ignore_ament_install']
[0.616s] Level 1:colcon.colcon_core.package_identification:_identify(src/maze_control) by extension 'ignore'
[0.616s] Level 1:colcon.colcon_core.package_identification:_identify(src/maze_control) by extension 'ignore_ament_install'
[0.617s] Level 1:colcon.colcon_core.package_identification:_identify(src/maze_control) by extensions ['colcon_pkg']
[0.617s] Level 1:colcon.colcon_core.package_identification:_identify(src/maze_control) by extension 'colcon_pkg'
[0.617s] Level 1:colcon.colcon_core.package_identification:_identify(src/maze_control) by extensions ['colcon_meta']
[0.617s] Level 1:colcon.colcon_core.package_identification:_identify(src/maze_control) by extension 'colcon_meta'
[0.617s] Level 1:colcon.colcon_core.package_identification:_identify(src/maze_control) by extensions ['ros']
[0.617s] Level 1:colcon.colcon_core.package_identification:_identify(src/maze_control) by extension 'ros'
[0.626s] DEBUG:colcon.colcon_core.package_identification:Package 'src/maze_control' with type 'ros.ament_python' and name 'maze_control'
[0.626s] Level 1:colcon.colcon_core.package_identification:_identify(src/robot_controller) by extensions ['ignore', 'ignore_ament_install']
[0.627s] Level 1:colcon.colcon_core.package_identification:_identify(src/robot_controller) by extension 'ignore'
[0.627s] Level 1:colcon.colcon_core.package_identification:_identify(src/robot_controller) by extension 'ignore_ament_install'
[0.627s] Level 1:colcon.colcon_core.package_identification:_identify(src/robot_controller) by extensions ['colcon_pkg']
[0.627s] Level 1:colcon.colcon_core.package_identification:_identify(src/robot_controller) by extension 'colcon_pkg'
[0.628s] Level 1:colcon.colcon_core.package_identification:_identify(src/robot_controller) by extensions ['colcon_meta']
[0.628s] Level 1:colcon.colcon_core.package_identification:_identify(src/robot_controller) by extension 'colcon_meta'
[0.628s] Level 1:colcon.colcon_core.package_identification:_identify(src/robot_controller) by extensions ['ros']
[0.628s] Level 1:colcon.colcon_core.package_identification:_identify(src/robot_controller) by extension 'ros'
[0.631s] DEBUG:colcon.colcon_core.package_identification:Package 'src/robot_controller' with type 'ros.ament_cmake' and name 'robot_controller'
[0.631s] Level 1:colcon.colcon_core.package_discovery:discover_packages(recursive) using defaults
[0.631s] Level 1:colcon.colcon_core.package_discovery:discover_packages(ignore) discover
[0.632s] Level 1:colcon.colcon_core.package_discovery:discover_packages(ignore) using defaults
[0.632s] Level 1:colcon.colcon_core.package_discovery:discover_packages(path) discover
[0.632s] Level 1:colcon.colcon_core.package_discovery:discover_packages(path) using defaults
[0.721s] Level 1:colcon.colcon_core.package_discovery:discover_packages(prefix_path) check parameters
[0.721s] Level 1:colcon.colcon_core.package_discovery:discover_packages(prefix_path) discover
[0.725s] WARNING:colcon.colcon_ros.prefix_path.ament:The path '/home/ruee/ros2_ws/install/robot_controller' in the environment variable AMENT_PREFIX_PATH doesn't exist
[0.728s] DEBUG:colcon.colcon_installed_package_information.package_discovery:Found 1 installed packages in /home/ruee/ros2_ws/install
[0.730s] DEBUG:colcon.colcon_installed_package_information.package_discovery:Found 1 installed packages in /home/ruee/training_ws/install
[0.739s] DEBUG:colcon.colcon_installed_package_information.package_discovery:Found 398 installed packages in /opt/ros/jazzy
[0.750s] Level 1:colcon.colcon_core.package_discovery:discover_packages(prefix_path) using defaults
[1.035s] Level 5:colcon.colcon_core.verb:set package 'maze_control' build argument 'cmake_args' from command line to 'None'
[1.035s] Level 5:colcon.colcon_core.verb:set package 'maze_control' build argument 'cmake_target' from command line to 'None'
[1.035s] Level 5:colcon.colcon_core.verb:set package 'maze_control' build argument 'cmake_target_skip_unavailable' from command line to 'False'
[1.035s] Level 5:colcon.colcon_core.verb:set package 'maze_control' build argument 'cmake_clean_cache' from command line to 'False'
[1.035s] Level 5:colcon.colcon_core.verb:set package 'maze_control' build argument 'cmake_clean_first' from command line to 'False'
[1.035s] Level 5:colcon.colcon_core.verb:set package 'maze_control' build argument 'cmake_force_configure' from command line to 'False'
[1.036s] Level 5:colcon.colcon_core.verb:set package 'maze_control' build argument 'ament_cmake_args' from command line to 'None'
[1.036s] Level 5:colcon.colcon_core.verb:set package 'maze_control' build argument 'catkin_cmake_args' from command line to 'None'
[1.036s] Level 5:colcon.colcon_core.verb:set package 'maze_control' build argument 'catkin_skip_building_tests' from command line to 'False'
[1.036s] DEBUG:colcon.colcon_core.verb:Building package 'maze_control' with the following arguments: {'ament_cmake_args': None, 'build_base': '/home/ruee/ros2_ws/build/maze_control', 'catkin_cmake_args': None, 'catkin_skip_building_tests': False, 'cmake_args': None, 'cmake_clean_cache': False, 'cmake_clean_first': False, 'cmake_force_configure': False, 'cmake_target': None, 'cmake_target_skip_unavailable': False, 'install_base': '/home/ruee/ros2_ws/install/maze_control', 'merge_install': False, 'path': '/home/ruee/ros2_ws/src/maze_control', 'symlink_install': True, 'test_result_base': None}
[1.037s] Level 5:colcon.colcon_core.verb:set package 'robot_controller' build argument 'cmake_args' from command line to 'None'
[1.037s] Level 5:colcon.colcon_core.verb:set package 'robot_controller' build argument 'cmake_target' from command line to 'None'
[1.037s] Level 5:colcon.colcon_core.verb:set package 'robot_controller' build argument 'cmake_target_skip_unavailable' from command line to 'False'
[1.037s] Level 5:colcon.colcon_core.verb:set package 'robot_controller' build argument 'cmake_clean_cache' from command line to 'False'
[1.037s] Level 5:colcon.colcon_core.verb:set package 'robot_controller' build argument 'cmake_clean_first' from command line to 'False'
[1.037s] Level 5:colcon.colcon_core.verb:set package 'robot_controller' build argument 'cmake_force_configure' from command line to 'False'
[1.037s] Level 5:colcon.colcon_core.verb:set package 'robot_controller' build argument 'ament_cmake_args' from command line to 'None'
[1.037s] Level 5:colcon.colcon_core.verb:set package 'robot_controller' build argument 'catkin_cmake_args' from command line to 'None'
[1.037s] Level 5:colcon.colcon_core.verb:set package 'robot_controller' build argument 'catkin_skip_building_tests' from command line to 'False'
[1.037s] DEBUG:colcon.colcon_core.verb:Building package 'robot_controller' with the following arguments: {'ament_cmake_args': None, 'build_base': '/home/ruee/ros2_ws/build/robot_controller', 'catkin_cmake_args': None, 'catkin_skip_building_tests': False, 'cmake_args': None, 'cmake_clean_cache': False, 'cmake_clean_first': False, 'cmake_force_configure': False, 'cmake_target': None, 'cmake_target_skip_unavailable': False, 'install_base': '/home/ruee/ros2_ws/install/robot_controller', 'merge_install': False, 'path': '/home/ruee/ros2_ws/src/robot_controller', 'symlink_install': True, 'test_result_base': None}
[1.038s] INFO:colcon.colcon_core.executor:Executing jobs using 'parallel' executor
[1.041s] DEBUG:colcon.colcon_parallel_executor.executor.parallel:run_until_complete
[1.042s] INFO:colcon.colcon_ros.task.ament_python.build:Building ROS package in '/home/ruee/ros2_ws/src/maze_control' with build type 'ament_python'
[1.043s] Level 1:colcon.colcon_core.shell:create_environment_hook('maze_control', 'ament_prefix_path')
[1.052s] INFO:colcon.colcon_core.plugin_system:Skipping extension 'colcon_core.shell.bat': Not used on non-Windows systems
[1.053s] INFO:colcon.colcon_core.shell:Creating environment hook '/home/ruee/ros2_ws/install/maze_control/share/maze_control/hook/ament_prefix_path.ps1'
[1.056s] INFO:colcon.colcon_core.shell:Creating environment descriptor '/home/ruee/ros2_ws/install/maze_control/share/maze_control/hook/ament_prefix_path.dsv'
[1.058s] INFO:colcon.colcon_core.shell:Creating environment hook '/home/ruee/ros2_ws/install/maze_control/share/maze_control/hook/ament_prefix_path.sh'
[1.063s] INFO:colcon.colcon_core.shell:Skip shell extension 'powershell' for command environment: Not usable outside of PowerShell
[1.063s] DEBUG:colcon.colcon_core.shell:Skip shell extension 'dsv' for command environment
[1.085s] INFO:colcon.colcon_ros.task.ament_cmake.build:Building ROS package in '/home/ruee/ros2_ws/src/robot_controller' with build type 'ament_cmake'
[1.086s] INFO:colcon.colcon_cmake.task.cmake.build:Building CMake package in '/home/ruee/ros2_ws/src/robot_controller'
[1.087s] INFO:colcon.colcon_core.shell:Skip shell extension 'powershell' for command environment: Not usable outside of PowerShell
[1.087s] DEBUG:colcon.colcon_core.shell:Skip shell extension 'dsv' for command environment
[1.944s] INFO:colcon.colcon_core.task.python.build:Building Python package in '/home/ruee/ros2_ws/src/maze_control'
[1.945s] INFO:colcon.colcon_core.shell:Skip shell extension 'powershell' for command environment: Not usable outside of PowerShell
[1.945s] DEBUG:colcon.colcon_core.shell:Skip shell extension 'dsv' for command environment
[1.962s] DEBUG:colcon.colcon_core.event_handler.log_command:Invoking command in '/home/ruee/ros2_ws/build/robot_controller': CMAKE_PREFIX_PATH=${CMAKE_PREFIX_PATH}:/home/ruee/ros2_ws/install/robot_controller:/home/ruee/ros2_ws/install/maze_control:/home/ruee/training_ws/install/maze_control:/opt/ros/jazzy DEBUGINFOD_URLS=https://debuginfod.ubuntu.com /usr/bin/cmake /home/ruee/ros2_ws/src/robot_controller -DAMENT_CMAKE_SYMLINK_INSTALL=1 -DCMAKE_INSTALL_PREFIX=/home/ruee/ros2_ws/install/robot_controller
[3.689s] DEBUG:colcon.colcon_core.task.python.build:Available setuptools commands: install_lib, bdist, test, build, build_clib, compile_catalog, install_headers, symlink_data, sdist, bdist_dumb, register, extract_messages, bdist_egg, check, alias, install_egg_info, install, install_scripts, build_py, easy_install, rotate, build_ext, upload_docs, update_catalog, init_catalog, clean, editable_wheel, setopt, build_scripts, upload, develop, install_data, egg_info, saveopts, bdist_rpm, dist_info
[4.620s] DEBUG:colcon.colcon_core.task.python.build:Available setuptools 'develop' options: --find-links, --zip-ok, --verbose, --no-find-links, --egg-path, --quiet, --always-copy, --index-url, --version, --user, --help, --exclude-scripts, --editable, --script-dir, --prefix, --upgrade, --dry-run, --multi-version, --uninstall, --force-installation-into-system-dir, --build-directory, --local-snapshots-ok, --record, --install-dir, --optimize, --site-dirs, --no-deps, --allow-hosts, --install-layout, --no-user-cfg, --always-unzip
[4.621s] DEBUG:colcon.colcon_core.task.python.build:While undoing a previous installation files outside the Python library path are being ignored: /home/ruee/ros2_ws/install/maze_control/share/ament_index/resource_index/packages/maze_control
[4.621s] DEBUG:colcon.colcon_core.task.python.build:While undoing a previous installation files outside the Python library path are being ignored: /home/ruee/ros2_ws/install/maze_control/share/maze_control/package.xml
[4.621s] DEBUG:colcon.colcon_core.task.python.build:While undoing a previous installation files outside the Python library path are being ignored: /home/ruee/ros2_ws/install/maze_control/share/maze_control/launch/maze_simulation_tb3.launch.py
[4.621s] DEBUG:colcon.colcon_core.task.python.build:While undoing a previous installation files outside the Python library path are being ignored: /home/ruee/ros2_ws/install/maze_control/share/maze_control/worlds/maze_world.sdf
[4.621s] DEBUG:colcon.colcon_core.task.python.build:While undoing a previous installation files outside the Python library path are being ignored: /home/ruee/ros2_ws/install/maze_control/share/maze_control/config/bridge_config.yaml
[4.621s] DEBUG:colcon.colcon_core.task.python.build:While undoing a previous installation files outside the Python library path are being ignored: /home/ruee/ros2_ws/install/maze_control/share/maze_control/config/gui.config
[4.621s] DEBUG:colcon.colcon_core.task.python.build:While undoing a previous installation files outside the Python library path are being ignored: /home/ruee/ros2_ws/install/maze_control/share/maze_control/models/simple_robot
[4.622s] DEBUG:colcon.colcon_core.task.python.build:While undoing a previous installation files outside the Python library path are being ignored: /home/ruee/ros2_ws/install/maze_control/lib/maze_control/maze_timer_node
[4.622s] DEBUG:colcon.colcon_core.task.python.build:While undoing a previous installation files outside the Python library path are being ignored: /home/ruee/ros2_ws/install/maze_control/lib/maze_control/wall_retraction_service
[4.627s] DEBUG:colcon.colcon_core.event_handler.log_command:Invoking command in '/home/ruee/ros2_ws/build/maze_control': DEBUGINFOD_URLS=https://debuginfod.ubuntu.com PYTHONPATH=/home/ruee/ros2_ws/build/maze_control/prefix_override:/usr/lib/python3/dist-packages/colcon_core/task/python/colcon_distutils_commands:/home/ruee/ros2_ws/install/maze_control/lib/python3.12/site-packages:${PYTHONPATH} /usr/bin/python3 -W ignore:setup.py install is deprecated -W ignore:easy_install command is deprecated setup.py develop --editable --build-directory /home/ruee/ros2_ws/build/maze_control/build --no-deps symlink_data --force
[6.404s] Level 1:colcon.colcon_core.shell:create_environment_hook('maze_control', 'pythonpath_develop')
[6.405s] INFO:colcon.colcon_core.shell:Creating environment hook '/home/ruee/ros2_ws/build/maze_control/share/maze_control/hook/pythonpath_develop.ps1'
[6.407s] DEBUG:colcon.colcon_core.event_handler.log_command:Invoked command in '/home/ruee/ros2_ws/build/maze_control' returned '0': DEBUGINFOD_URLS=https://debuginfod.ubuntu.com PYTHONPATH=/home/ruee/ros2_ws/build/maze_control/prefix_override:/usr/lib/python3/dist-packages/colcon_core/task/python/colcon_distutils_commands:/home/ruee/ros2_ws/install/maze_control/lib/python3.12/site-packages:${PYTHONPATH} /usr/bin/python3 -W ignore:setup.py install is deprecated -W ignore:easy_install command is deprecated setup.py develop --editable --build-directory /home/ruee/ros2_ws/build/maze_control/build --no-deps symlink_data --force
[6.407s] INFO:colcon.colcon_core.shell:Creating environment descriptor '/home/ruee/ros2_ws/build/maze_control/share/maze_control/hook/pythonpath_develop.dsv'
[6.408s] INFO:colcon.colcon_core.shell:Creating environment hook '/home/ruee/ros2_ws/build/maze_control/share/maze_control/hook/pythonpath_develop.sh'
[6.413s] Level 1:colcon.colcon_core.environment:checking '/home/ruee/ros2_ws/install/maze_control' for CMake module files
[6.414s] Level 1:colcon.colcon_core.environment:checking '/home/ruee/ros2_ws/install/maze_control' for CMake config files
[6.416s] Level 1:colcon.colcon_core.environment:checking '/home/ruee/ros2_ws/install/maze_control/lib'
[6.416s] Level 1:colcon.colcon_core.environment:checking '/home/ruee/ros2_ws/install/maze_control/bin'
[6.417s] Level 1:colcon.colcon_core.environment:checking '/home/ruee/ros2_ws/install/maze_control/lib/pkgconfig/maze_control.pc'
[6.417s] Level 1:colcon.colcon_core.environment:checking '/home/ruee/ros2_ws/install/maze_control/lib/python3.12/site-packages'
[6.418s] Level 1:colcon.colcon_core.shell:create_environment_hook('maze_control', 'pythonpath')
[6.418s] INFO:colcon.colcon_core.shell:Creating environment hook '/home/ruee/ros2_ws/install/maze_control/share/maze_control/hook/pythonpath.ps1'
[6.419s] INFO:colcon.colcon_core.shell:Creating environment descriptor '/home/ruee/ros2_ws/install/maze_control/share/maze_control/hook/pythonpath.dsv'
[6.421s] INFO:colcon.colcon_core.shell:Creating environment hook '/home/ruee/ros2_ws/install/maze_control/share/maze_control/hook/pythonpath.sh'
[6.423s] Level 1:colcon.colcon_core.environment:checking '/home/ruee/ros2_ws/install/maze_control/bin'
[6.423s] Level 1:colcon.colcon_core.environment:create_environment_scripts_only(maze_control)
[6.423s] INFO:colcon.colcon_core.shell:Creating package script '/home/ruee/ros2_ws/install/maze_control/share/maze_control/package.ps1'
[6.427s] INFO:colcon.colcon_core.shell:Creating package descriptor '/home/ruee/ros2_ws/install/maze_control/share/maze_control/package.dsv'
[6.429s] INFO:colcon.colcon_core.shell:Creating package script '/home/ruee/ros2_ws/install/maze_control/share/maze_control/package.sh'
[6.431s] INFO:colcon.colcon_core.shell:Creating package script '/home/ruee/ros2_ws/install/maze_control/share/maze_control/package.bash'
[6.432s] INFO:colcon.colcon_core.shell:Creating package script '/home/ruee/ros2_ws/install/maze_control/share/maze_control/package.zsh'
[6.434s] Level 1:colcon.colcon_core.environment:create_file_with_runtime_dependencies(/home/ruee/ros2_ws/install/maze_control/share/colcon-core/packages/maze_control)
[9.092s] DEBUG:colcon.colcon_core.event_handler.log_command:Invoked command in '/home/ruee/ros2_ws/build/robot_controller' returned '1': CMAKE_PREFIX_PATH=${CMAKE_PREFIX_PATH}:/home/ruee/ros2_ws/install/robot_controller:/home/ruee/ros2_ws/install/maze_control:/home/ruee/training_ws/install/maze_control:/opt/ros/jazzy DEBUGINFOD_URLS=https://debuginfod.ubuntu.com /usr/bin/cmake /home/ruee/ros2_ws/src/robot_controller -DAMENT_CMAKE_SYMLINK_INSTALL=1 -DCMAKE_INSTALL_PREFIX=/home/ruee/ros2_ws/install/robot_controller
[9.123s] Level 1:colcon.colcon_core.environment:create_environment_scripts_only(robot_controller)
[9.123s] Level 1:colcon.colcon_core.environment:checking '/home/ruee/ros2_ws/install/robot_controller' for CMake module files
[9.124s] Level 1:colcon.colcon_core.environment:checking '/home/ruee/ros2_ws/install/robot_controller' for CMake config files
[9.125s] Level 1:colcon.colcon_core.environment:checking '/home/ruee/ros2_ws/install/robot_controller/bin'
[9.125s] Level 1:colcon.colcon_core.environment:checking '/home/ruee/ros2_ws/install/robot_controller/lib/pkgconfig/robot_controller.pc'
[9.126s] Level 1:colcon.colcon_core.environment:checking '/home/ruee/ros2_ws/install/robot_controller/lib/python3.12/site-packages'
[9.128s] Level 1:colcon.colcon_core.environment:checking '/home/ruee/ros2_ws/install/robot_controller/bin'
[9.128s] INFO:colcon.colcon_core.shell:Creating package script '/home/ruee/ros2_ws/install/robot_controller/share/robot_controller/package.ps1'
[9.130s] INFO:colcon.colcon_core.shell:Creating package descriptor '/home/ruee/ros2_ws/install/robot_controller/share/robot_controller/package.dsv'
[9.131s] INFO:colcon.colcon_core.shell:Creating package script '/home/ruee/ros2_ws/install/robot_controller/share/robot_controller/package.sh'
[9.133s] INFO:colcon.colcon_core.shell:Creating package script '/home/ruee/ros2_ws/install/robot_controller/share/robot_controller/package.bash'
[9.134s] INFO:colcon.colcon_core.shell:Creating package script '/home/ruee/ros2_ws/install/robot_controller/share/robot_controller/package.zsh'
[9.135s] Level 1:colcon.colcon_core.environment:create_file_with_runtime_dependencies(/home/ruee/ros2_ws/install/robot_controller/share/colcon-core/packages/robot_controller)
[9.146s] DEBUG:colcon.colcon_parallel_executor.executor.parallel:closing loop
[9.146s] DEBUG:colcon.colcon_parallel_executor.executor.parallel:loop closed
[9.147s] DEBUG:colcon.colcon_parallel_executor.executor.parallel:run_until_complete finished with '1'
[9.147s] DEBUG:colcon.colcon_core.event_reactor:joining thread
[9.163s] INFO:colcon.colcon_core.plugin_system:Skipping extension 'colcon_notification.desktop_notification.terminal_notifier': Not used on non-Darwin systems
[9.163s] INFO:colcon.colcon_core.plugin_system:Skipping extension 'colcon_notification.desktop_notification.win32': Not used on non-Windows systems
[9.163s] INFO:colcon.colcon_notification.desktop_notification:Sending desktop notification using 'notify2'
[9.204s] DEBUG:colcon.colcon_core.event_reactor:joined thread
[9.205s] INFO:colcon.colcon_core.shell:Creating prefix script '/home/ruee/ros2_ws/install/local_setup.ps1'
[9.207s] INFO:colcon.colcon_core.shell:Creating prefix util module '/home/ruee/ros2_ws/install/_local_setup_util_ps1.py'
[9.210s] INFO:colcon.colcon_core.shell:Creating prefix chain script '/home/ruee/ros2_ws/install/setup.ps1'
[9.213s] INFO:colcon.colcon_core.shell:Creating prefix script '/home/ruee/ros2_ws/install/local_setup.sh'
[9.214s] INFO:colcon.colcon_core.shell:Creating prefix util module '/home/ruee/ros2_ws/install/_local_setup_util_sh.py'
[9.215s] INFO:colcon.colcon_core.shell:Creating prefix chain script '/home/ruee/ros2_ws/install/setup.sh'
[9.219s] INFO:colcon.colcon_core.shell:Creating prefix script '/home/ruee/ros2_ws/install/local_setup.bash'
[9.221s] INFO:colcon.colcon_core.shell:Creating prefix chain script '/home/ruee/ros2_ws/install/setup.bash'
[9.225s] INFO:colcon.colcon_core.shell:Creating prefix script '/home/ruee/ros2_ws/install/local_setup.zsh'
[9.227s] INFO:colcon.colcon_core.shell:Creating prefix chain script '/home/ruee/ros2_ws/install/setup.zsh'
