[0.037s] Invoking command in '/home/ruee/ros2_ws/build/robot_controller': CMAKE_PREFIX_PATH=${CMAKE_PREFIX_PATH}:/home/ruee/ros2_ws/install/robot_controller:/home/ruee/ros2_ws/install/maze_control:/home/ruee/training_ws/install/maze_control:/opt/ros/jazzy DEBUGINFOD_URLS=https://debuginfod.ubuntu.com /usr/bin/cmake /home/ruee/ros2_ws/src/robot_controller -DAMENT_CMAKE_SYMLINK_INSTALL=1 -DCMAKE_INSTALL_PREFIX=/home/ruee/ros2_ws/install/robot_controller
[0.174s] -- The C compiler identification is GNU 13.3.0
[0.310s] -- The CXX compiler identification is GNU 13.3.0
[0.358s] -- Detecting C compiler ABI info
[0.598s] -- Detecting C compiler ABI info - done
[0.646s] -- Check for working C compiler: /usr/bin/cc - skipped
[0.646s] -- Detecting C compile features
[0.648s] -- Detecting C compile features - done
[0.667s] -- Detecting CXX compiler ABI info
[0.931s] -- Detecting CXX compiler ABI info - done
[0.968s] -- Check for working CXX compiler: /usr/bin/c++ - skipped
[0.969s] -- Detecting CXX compile features
[0.971s] -- Detecting CXX compile features - done
[0.978s] -- Found ament_cmake: 2.5.6 (/opt/ros/jazzy/share/ament_cmake/cmake)
[1.495s] -- Found Python3: /usr/bin/python3 (found version "3.12.3") found components: Interpreter 
[1.776s] -- Override CMake install command with custom implementation using symlinks instead of copying resources
[1.916s] -- Found rclpy: 7.1.11 (/opt/ros/jazzy/share/rclpy/cmake)
[1.930s] -- Found rosidl_default_generators: 1.6.1 (/opt/ros/jazzy/share/rosidl_default_generators/cmake)
[1.948s] -- Using all available rosidl_typesupport_c: rosidl_typesupport_fastrtps_c;rosidl_typesupport_introspection_c
[2.132s] -- Using all available rosidl_typesupport_cpp: rosidl_typesupport_fastrtps_cpp;rosidl_typesupport_introspection_cpp
[2.317s] -- Found rosidl_adapter: 4.6.9 (/opt/ros/jazzy/share/rosidl_adapter/cmake)
[2.330s] -- Found action_msgs: 2.0.4 (/opt/ros/jazzy/share/action_msgs/cmake)
[4.561s] -- Found ament_cmake_ros: 0.12.1 (/opt/ros/jazzy/share/ament_cmake_ros/cmake)
[5.848s] -- Using all available rosidl_typesupport_c: rosidl_typesupport_fastrtps_c;rosidl_typesupport_introspection_c
[7.312s] -- Using all available rosidl_typesupport_cpp: rosidl_typesupport_fastrtps_cpp;rosidl_typesupport_introspection_cpp
[7.317s] -- Found python_cmake_module: 0.11.1 (/opt/ros/jazzy/share/python_cmake_module/cmake)
[7.574s] -- Found PythonExtra: /usr/bin/python3  
[8.606s] -- Found Python3: /usr/bin/python3 (found version "3.12.3") found components: Interpreter Development NumPy Development.Module Development.Embed 
[8.777s] -- Found Python3: /usr/bin/python3 (found version "3.12.3") found components: Interpreter 
[8.807s] -- Configuring done (8.7s)
[8.899s] -- Generating done (0.1s)
[8.917s] -- Build files have been written to: /home/ruee/ros2_ws/build/robot_controller
[8.936s] Invoked command in '/home/ruee/ros2_ws/build/robot_controller' returned '0': CMAKE_PREFIX_PATH=${CMAKE_PREFIX_PATH}:/home/ruee/ros2_ws/install/robot_controller:/home/ruee/ros2_ws/install/maze_control:/home/ruee/training_ws/install/maze_control:/opt/ros/jazzy DEBUGINFOD_URLS=https://debuginfod.ubuntu.com /usr/bin/cmake /home/ruee/ros2_ws/src/robot_controller -DAMENT_CMAKE_SYMLINK_INSTALL=1 -DCMAKE_INSTALL_PREFIX=/home/ruee/ros2_ws/install/robot_controller
[8.939s] Invoking command in '/home/ruee/ros2_ws/build/robot_controller': CMAKE_PREFIX_PATH=${CMAKE_PREFIX_PATH}:/home/ruee/ros2_ws/install/robot_controller:/home/ruee/ros2_ws/install/maze_control:/home/ruee/training_ws/install/maze_control:/opt/ros/jazzy DEBUGINFOD_URLS=https://debuginfod.ubuntu.com /usr/bin/cmake --build /home/ruee/ros2_ws/build/robot_controller -- -j7 -l7
[9.083s] [  2%] [34m[1mGenerating Rust code for ROS interfaces[0m
[9.083s] [  4%] [34m[1mGenerating type hashes for ROS interfaces[0m
[9.126s] [  4%] Built target ament_cmake_python_symlink_robot_controller
[9.506s] running egg_info
[9.508s] creating robot_controller.egg-info
[9.540s] writing robot_controller.egg-info/PKG-INFO
[9.540s] writing dependency_links to robot_controller.egg-info/dependency_links.txt
[9.540s] writing top-level names to robot_controller.egg-info/top_level.txt
[9.541s] writing manifest file 'robot_controller.egg-info/SOURCES.txt'
[9.541s] [  4%] Built target robot_controller__rosidl_generator_type_description
[9.556s] [  6%] [34m[1mGenerating C code for ROS interfaces[0m
[9.569s] [  8%] [34m[1mGenerating C++ code for ROS interfaces[0m
[9.649s] [  8%] Built target robot_controller__rs
[9.668s] reading manifest file 'robot_controller.egg-info/SOURCES.txt'
[9.669s] writing manifest file 'robot_controller.egg-info/SOURCES.txt'
[9.750s] [  8%] Built target ament_cmake_python_build_robot_controller_egg
[10.783s] [  8%] Built target robot_controller__cpp
[10.890s] [ 13%] [32mBuilding C object CMakeFiles/robot_controller__rosidl_generator_c.dir/rosidl_generator_c/robot_controller/action/detail/move_x__functions.c.o[0m
[10.890s] [ 13%] [32mBuilding C object CMakeFiles/robot_controller__rosidl_generator_c.dir/rosidl_generator_c/robot_controller/action/detail/move_x__description.c.o[0m
[10.891s] [ 17%] [32mBuilding C object CMakeFiles/robot_controller__rosidl_generator_c.dir/rosidl_generator_c/robot_controller/action/detail/move_x__type_support.c.o[0m
[10.891s] [ 17%] [32mBuilding C object CMakeFiles/robot_controller__rosidl_generator_c.dir/rosidl_generator_c/robot_controller/action/detail/yaw__description.c.o[0m
[10.893s] [ 20%] [32mBuilding C object CMakeFiles/robot_controller__rosidl_generator_c.dir/rosidl_generator_c/robot_controller/action/detail/yaw__functions.c.o[0m
[10.894s] [ 22%] [32mBuilding C object CMakeFiles/robot_controller__rosidl_generator_c.dir/rosidl_generator_c/robot_controller/action/detail/yaw__type_support.c.o[0m
[11.161s] [ 24%] [32m[1mLinking C shared library librobot_controller__rosidl_generator_c.so[0m
[11.245s] [ 24%] Built target robot_controller__rosidl_generator_c
[11.261s] [ 33%] [34m[1mGenerating C introspection for ROS interfaces[0m
[11.262s] [ 33%] [34m[1mGenerating C type support dispatch for ROS interfaces[0m
[11.262s] [ 33%] [34m[1mGenerating C++ type support for eProsima Fast-RTPS[0m
[11.262s] [ 33%] [34m[1mGenerating C++ type support dispatch for ROS interfaces[0m
[11.263s] [ 35%] [34m[1mGenerating C++ introspection for ROS interfaces[0m
[11.264s] [ 37%] [34m[1mGenerating C type support for eProsima Fast-RTPS[0m
[12.139s] [ 42%] [32mBuilding CXX object CMakeFiles/robot_controller__rosidl_typesupport_cpp.dir/rosidl_typesupport_cpp/robot_controller/action/yaw__type_support.cpp.o[0m
[12.140s] [ 42%] [32mBuilding CXX object CMakeFiles/robot_controller__rosidl_typesupport_cpp.dir/rosidl_typesupport_cpp/robot_controller/action/move_x__type_support.cpp.o[0m
[12.150s] [ 44%] [32mBuilding CXX object CMakeFiles/robot_controller__rosidl_typesupport_c.dir/rosidl_typesupport_c/robot_controller/action/move_x__type_support.cpp.o[0m
[12.259s] [ 46%] [32mBuilding CXX object CMakeFiles/robot_controller__rosidl_typesupport_c.dir/rosidl_typesupport_c/robot_controller/action/yaw__type_support.cpp.o[0m
[12.340s] [ 48%] [32m[1mLinking CXX shared library librobot_controller__rosidl_typesupport_c.so[0m
[12.402s] [ 51%] [32mBuilding CXX object CMakeFiles/robot_controller__rosidl_typesupport_introspection_cpp.dir/rosidl_typesupport_introspection_cpp/robot_controller/action/detail/move_x__type_support.cpp.o[0m
[12.446s] [ 51%] Built target robot_controller__rosidl_typesupport_c
[12.467s] [ 53%] [32mBuilding CXX object CMakeFiles/robot_controller__rosidl_typesupport_introspection_cpp.dir/rosidl_typesupport_introspection_cpp/robot_controller/action/detail/yaw__type_support.cpp.o[0m
[12.531s] [ 55%] [32mBuilding C object CMakeFiles/robot_controller__rosidl_typesupport_introspection_c.dir/rosidl_typesupport_introspection_c/robot_controller/action/detail/move_x__type_support.c.o[0m
[12.660s] [ 57%] [32mBuilding C object CMakeFiles/robot_controller__rosidl_typesupport_introspection_c.dir/rosidl_typesupport_introspection_c/robot_controller/action/detail/yaw__type_support.c.o[0m
[12.774s] [ 60%] [32m[1mLinking C shared library librobot_controller__rosidl_typesupport_introspection_c.so[0m
[12.833s] [ 60%] Built target robot_controller__rosidl_typesupport_introspection_c
[13.058s] [ 62%] [32mBuilding CXX object CMakeFiles/robot_controller__rosidl_typesupport_fastrtps_cpp.dir/rosidl_typesupport_fastrtps_cpp/robot_controller/action/detail/dds_fastrtps/yaw__type_support.cpp.o[0m
[13.061s] [ 64%] [32mBuilding CXX object CMakeFiles/robot_controller__rosidl_typesupport_fastrtps_cpp.dir/rosidl_typesupport_fastrtps_cpp/robot_controller/action/detail/dds_fastrtps/move_x__type_support.cpp.o[0m
[13.288s] [ 66%] [32mBuilding CXX object CMakeFiles/robot_controller__rosidl_typesupport_fastrtps_c.dir/rosidl_typesupport_fastrtps_c/robot_controller/action/detail/move_x__type_support_c.cpp.o[0m
[13.764s] [ 68%] [32mBuilding CXX object CMakeFiles/robot_controller__rosidl_typesupport_fastrtps_c.dir/rosidl_typesupport_fastrtps_c/robot_controller/action/detail/yaw__type_support_c.cpp.o[0m
[13.770s] [ 71%] [32m[1mLinking CXX shared library librobot_controller__rosidl_typesupport_cpp.so[0m
[14.073s] [ 73%] [32m[1mLinking CXX shared library librobot_controller__rosidl_typesupport_introspection_cpp.so[0m
[14.082s] [ 73%] Built target robot_controller__rosidl_typesupport_cpp
[14.309s] [ 73%] Built target robot_controller__rosidl_typesupport_introspection_cpp
[14.750s] [ 75%] [32m[1mLinking CXX shared library librobot_controller__rosidl_typesupport_fastrtps_c.so[0m
[14.861s] [ 75%] Built target robot_controller__rosidl_typesupport_fastrtps_c
[14.976s] [ 77%] [32m[1mLinking CXX shared library librobot_controller__rosidl_typesupport_fastrtps_cpp.so[0m
[15.269s] [ 77%] Built target robot_controller__rosidl_typesupport_fastrtps_cpp
[15.319s] [ 77%] Built target robot_controller
[15.380s] [ 80%] [34m[1mGenerating Python code for ROS interfaces[0m
[18.813s] [ 80%] Built target robot_controller__py
[18.863s] [ 84%] [32mBuilding C object CMakeFiles/robot_controller__rosidl_generator_py.dir/rosidl_generator_py/robot_controller/action/_yaw_s.c.o[0m
[18.864s] [ 82%] [32mBuilding C object CMakeFiles/robot_controller__rosidl_generator_py.dir/rosidl_generator_py/robot_controller/action/_move_x_s.c.o[0m
[19.249s] [ 86%] [32m[1mLinking C shared library librobot_controller__rosidl_generator_py.so[0m
[19.343s] [ 86%] Built target robot_controller__rosidl_generator_py
[19.384s] [ 88%] [32mBuilding C object CMakeFiles/robot_controller_s__rosidl_typesupport_introspection_c.dir/rosidl_generator_py/robot_controller/_robot_controller_s.ep.rosidl_typesupport_introspection_c.c.o[0m
[19.389s] [ 91%] [32mBuilding C object CMakeFiles/robot_controller_s__rosidl_typesupport_fastrtps_c.dir/rosidl_generator_py/robot_controller/_robot_controller_s.ep.rosidl_typesupport_fastrtps_c.c.o[0m
[19.390s] [ 93%] [32mBuilding C object CMakeFiles/robot_controller_s__rosidl_typesupport_c.dir/rosidl_generator_py/robot_controller/_robot_controller_s.ep.rosidl_typesupport_c.c.o[0m
[19.625s] [ 95%] [32m[1mLinking C shared module rosidl_generator_py/robot_controller/robot_controller_s__rosidl_typesupport_introspection_c.so[0m
[19.626s] [ 97%] [32m[1mLinking C shared module rosidl_generator_py/robot_controller/robot_controller_s__rosidl_typesupport_fastrtps_c.so[0m
[19.631s] [100%] [32m[1mLinking C shared module rosidl_generator_py/robot_controller/robot_controller_s__rosidl_typesupport_c.so[0m
[19.669s] [100%] Built target robot_controller_s__rosidl_typesupport_introspection_c
[19.670s] [100%] Built target robot_controller_s__rosidl_typesupport_fastrtps_c
[19.678s] [100%] Built target robot_controller_s__rosidl_typesupport_c
[19.693s] Invoked command in '/home/ruee/ros2_ws/build/robot_controller' returned '0': CMAKE_PREFIX_PATH=${CMAKE_PREFIX_PATH}:/home/ruee/ros2_ws/install/robot_controller:/home/ruee/ros2_ws/install/maze_control:/home/ruee/training_ws/install/maze_control:/opt/ros/jazzy DEBUGINFOD_URLS=https://debuginfod.ubuntu.com /usr/bin/cmake --build /home/ruee/ros2_ws/build/robot_controller -- -j7 -l7
[19.706s] Invoking command in '/home/ruee/ros2_ws/build/robot_controller': CMAKE_PREFIX_PATH=${CMAKE_PREFIX_PATH}:/home/ruee/ros2_ws/install/robot_controller:/home/ruee/ros2_ws/install/maze_control:/home/ruee/training_ws/install/maze_control:/opt/ros/jazzy DEBUGINFOD_URLS=https://debuginfod.ubuntu.com /usr/bin/cmake --install /home/ruee/ros2_ws/build/robot_controller
[19.715s] -- Install configuration: ""
[19.716s] -- Execute custom install script
[19.717s] -- Symlinking: /home/ruee/ros2_ws/install/robot_controller/share/ament_index/resource_index/rosidl_interfaces/robot_controller
[19.727s] -- Symlinking: /home/ruee/ros2_ws/install/robot_controller/share/robot_controller/action/MoveX.json
[19.739s] -- Symlinking: /home/ruee/ros2_ws/install/robot_controller/share/robot_controller/action/Yaw.json
[19.750s] -- Symlinking: /home/ruee/ros2_ws/install/robot_controller/include/robot_controller/robot_controller/action/detail/move_x__functions.h
[19.760s] -- Symlinking: /home/ruee/ros2_ws/install/robot_controller/include/robot_controller/robot_controller/action/detail/move_x__struct.h
[19.771s] -- Symlinking: /home/ruee/ros2_ws/install/robot_controller/include/robot_controller/robot_controller/action/detail/move_x__type_support.h
[19.784s] -- Symlinking: /home/ruee/ros2_ws/install/robot_controller/include/robot_controller/robot_controller/action/detail/yaw__functions.h
[19.797s] -- Symlinking: /home/ruee/ros2_ws/install/robot_controller/include/robot_controller/robot_controller/action/detail/yaw__struct.h
[19.808s] -- Symlinking: /home/ruee/ros2_ws/install/robot_controller/include/robot_controller/robot_controller/action/detail/yaw__type_support.h
[19.819s] -- Symlinking: /home/ruee/ros2_ws/install/robot_controller/include/robot_controller/robot_controller/action/move_x.h
[19.829s] -- Symlinking: /home/ruee/ros2_ws/install/robot_controller/include/robot_controller/robot_controller/action/yaw.h
[19.840s] -- Symlinking: /home/ruee/ros2_ws/install/robot_controller/include/robot_controller/robot_controller/msg/rosidl_generator_c__visibility_control.h
[19.861s] -- Symlinking: /home/ruee/ros2_ws/install/robot_controller/share/robot_controller/environment/library_path.sh
[19.886s] -- Symlinking: /home/ruee/ros2_ws/install/robot_controller/share/robot_controller/environment/library_path.dsv
[19.909s] -- Symlinking: /home/ruee/ros2_ws/install/robot_controller/include/robot_controller/robot_controller/action/detail/move_x__rosidl_typesupport_fastrtps_c.h
[19.934s] -- Symlinking: /home/ruee/ros2_ws/install/robot_controller/include/robot_controller/robot_controller/action/detail/yaw__rosidl_typesupport_fastrtps_c.h
[19.962s] -- Symlinking: /home/ruee/ros2_ws/install/robot_controller/include/robot_controller/robot_controller/msg/rosidl_typesupport_fastrtps_c__visibility_control.h
[20.002s] -- Symlinking: /home/ruee/ros2_ws/install/robot_controller/include/robot_controller/robot_controller/action/detail/move_x__rosidl_typesupport_introspection_c.h
[20.025s] -- Symlinking: /home/ruee/ros2_ws/install/robot_controller/include/robot_controller/robot_controller/action/detail/yaw__rosidl_typesupport_introspection_c.h
[20.044s] -- Symlinking: /home/ruee/ros2_ws/install/robot_controller/include/robot_controller/robot_controller/msg/rosidl_typesupport_introspection_c__visibility_control.h
[20.064s] -- Symlinking: /home/ruee/ros2_ws/install/robot_controller/include/robot_controller/robot_controller/action/detail/move_x__builder.hpp
[20.084s] -- Symlinking: /home/ruee/ros2_ws/install/robot_controller/include/robot_controller/robot_controller/action/detail/move_x__struct.hpp
[20.103s] -- Symlinking: /home/ruee/ros2_ws/install/robot_controller/include/robot_controller/robot_controller/action/detail/move_x__traits.hpp
[20.114s] -- Symlinking: /home/ruee/ros2_ws/install/robot_controller/include/robot_controller/robot_controller/action/detail/move_x__type_support.hpp
[20.125s] -- Symlinking: /home/ruee/ros2_ws/install/robot_controller/include/robot_controller/robot_controller/action/detail/yaw__builder.hpp
[20.148s] -- Symlinking: /home/ruee/ros2_ws/install/robot_controller/include/robot_controller/robot_controller/action/detail/yaw__struct.hpp
[20.174s] -- Symlinking: /home/ruee/ros2_ws/install/robot_controller/include/robot_controller/robot_controller/action/detail/yaw__traits.hpp
[20.207s] -- Symlinking: /home/ruee/ros2_ws/install/robot_controller/include/robot_controller/robot_controller/action/detail/yaw__type_support.hpp
[20.237s] -- Symlinking: /home/ruee/ros2_ws/install/robot_controller/include/robot_controller/robot_controller/action/move_x.hpp
[20.264s] -- Symlinking: /home/ruee/ros2_ws/install/robot_controller/include/robot_controller/robot_controller/action/yaw.hpp
[20.284s] -- Symlinking: /home/ruee/ros2_ws/install/robot_controller/include/robot_controller/robot_controller/msg/rosidl_generator_cpp__visibility_control.hpp
[20.306s] -- Symlinking: /home/ruee/ros2_ws/install/robot_controller/include/robot_controller/robot_controller/action/detail/move_x__rosidl_typesupport_fastrtps_cpp.hpp
[20.328s] -- Symlinking: /home/ruee/ros2_ws/install/robot_controller/include/robot_controller/robot_controller/action/detail/yaw__rosidl_typesupport_fastrtps_cpp.hpp
[20.341s] -- Symlinking: /home/ruee/ros2_ws/install/robot_controller/include/robot_controller/robot_controller/msg/rosidl_typesupport_fastrtps_cpp__visibility_control.h
[20.353s] -- Symlinking: /home/ruee/ros2_ws/install/robot_controller/include/robot_controller/robot_controller/action/detail/move_x__rosidl_typesupport_introspection_cpp.hpp
[20.374s] -- Symlinking: /home/ruee/ros2_ws/install/robot_controller/include/robot_controller/robot_controller/action/detail/yaw__rosidl_typesupport_introspection_cpp.hpp
[20.395s] -- Symlinking: /home/ruee/ros2_ws/install/robot_controller/share/robot_controller/environment/pythonpath.sh
[20.416s] -- Symlinking: /home/ruee/ros2_ws/install/robot_controller/share/robot_controller/environment/pythonpath.dsv
[20.434s] -- Symlinking: /home/ruee/ros2_ws/install/robot_controller/lib/python3.12/site-packages/robot_controller-0.0.0-py3.12.egg-info/PKG-INFO
[20.447s] -- Symlinking: /home/ruee/ros2_ws/install/robot_controller/lib/python3.12/site-packages/robot_controller-0.0.0-py3.12.egg-info/SOURCES.txt
[20.458s] -- Symlinking: /home/ruee/ros2_ws/install/robot_controller/lib/python3.12/site-packages/robot_controller-0.0.0-py3.12.egg-info/dependency_links.txt
[20.478s] -- Symlinking: /home/ruee/ros2_ws/install/robot_controller/lib/python3.12/site-packages/robot_controller-0.0.0-py3.12.egg-info/top_level.txt
[20.493s] -- Symlinking: /home/ruee/ros2_ws/install/robot_controller/lib/python3.12/site-packages/robot_controller/__init__.py
[20.512s] -- Symlinking: /home/ruee/ros2_ws/install/robot_controller/lib/python3.12/site-packages/robot_controller/_robot_controller_s.ep.rosidl_typesupport_c.c
[20.534s] -- Symlinking: /home/ruee/ros2_ws/install/robot_controller/lib/python3.12/site-packages/robot_controller/_robot_controller_s.ep.rosidl_typesupport_fastrtps_c.c
[20.554s] -- Symlinking: /home/ruee/ros2_ws/install/robot_controller/lib/python3.12/site-packages/robot_controller/_robot_controller_s.ep.rosidl_typesupport_introspection_c.c
[20.574s] -- Symlinking: /home/ruee/ros2_ws/install/robot_controller/lib/python3.12/site-packages/robot_controller/action/__init__.py
[20.600s] -- Symlinking: /home/ruee/ros2_ws/install/robot_controller/lib/python3.12/site-packages/robot_controller/action/_move_x.py
[20.625s] -- Symlinking: /home/ruee/ros2_ws/install/robot_controller/lib/python3.12/site-packages/robot_controller/action/_move_x_s.c
[20.651s] -- Symlinking: /home/ruee/ros2_ws/install/robot_controller/lib/python3.12/site-packages/robot_controller/action/_yaw.py
[20.671s] -- Symlinking: /home/ruee/ros2_ws/install/robot_controller/lib/python3.12/site-packages/robot_controller/action/_yaw_s.c
[20.697s] -- Symlinking: /home/ruee/ros2_ws/install/robot_controller/lib/python3.12/site-packages/robot_controller/robot_controller_s__rosidl_typesupport_c.so
[20.717s] -- Symlinking: /home/ruee/ros2_ws/install/robot_controller/lib/python3.12/site-packages/robot_controller/robot_controller_s__rosidl_typesupport_fastrtps_c.so
[20.737s] -- Symlinking: /home/ruee/ros2_ws/install/robot_controller/lib/python3.12/site-packages/robot_controller/robot_controller_s__rosidl_typesupport_introspection_c.so
[20.758s] -- Up-to-date symlink: /home/ruee/ros2_ws/install/robot_controller/lib/python3.12/site-packages/robot_controller/robot_controller_s__rosidl_typesupport_fastrtps_c.so
[20.759s] -- Up-to-date symlink: /home/ruee/ros2_ws/install/robot_controller/lib/python3.12/site-packages/robot_controller/robot_controller_s__rosidl_typesupport_introspection_c.so
[20.759s] -- Up-to-date symlink: /home/ruee/ros2_ws/install/robot_controller/lib/python3.12/site-packages/robot_controller/robot_controller_s__rosidl_typesupport_c.so
[20.760s] -- Symlinking: /home/ruee/ros2_ws/install/robot_controller/share/ament_index/resource_index/rust_packages/robot_controller
[20.774s] -- Symlinking: /home/ruee/ros2_ws/install/robot_controller/share/robot_controller/rust/Cargo.toml
[20.798s] -- Symlinking: /home/ruee/ros2_ws/install/robot_controller/share/robot_controller/rust/build.rs
[20.811s] -- Symlinking: /home/ruee/ros2_ws/install/robot_controller/share/robot_controller/rust/src/action.rs
[20.822s] -- Symlinking: /home/ruee/ros2_ws/install/robot_controller/share/robot_controller/rust/src/action/rmw.rs
[20.839s] -- Symlinking: /home/ruee/ros2_ws/install/robot_controller/share/robot_controller/rust/src/lib.rs
[20.860s] -- Symlinking: /home/ruee/ros2_ws/install/robot_controller/share/robot_controller/action/MoveX.idl
[20.882s] -- Symlinking: /home/ruee/ros2_ws/install/robot_controller/share/robot_controller/action/Yaw.idl
[20.908s] -- Symlinking: /home/ruee/ros2_ws/install/robot_controller/share/robot_controller/action/MoveX.action
[20.933s] -- Symlinking: /home/ruee/ros2_ws/install/robot_controller/share/robot_controller/action/Yaw.action
[20.960s] -- Symlinking: /home/ruee/ros2_ws/install/robot_controller/lib/python3.12/site-packages/robot_controller/__init__.py
[20.984s] -- Symlinking: /home/ruee/ros2_ws/install/robot_controller/lib/python3.12/site-packages/robot_controller/__pycache__/__init__.cpython-312.pyc
[21.014s] -- Symlinking: /home/ruee/ros2_ws/install/robot_controller/lib/python3.12/site-packages/robot_controller/__pycache__/movement_node.cpython-312.pyc
[21.034s] -- Symlinking: /home/ruee/ros2_ws/install/robot_controller/lib/python3.12/site-packages/robot_controller/movement_node.py
[21.045s] -- Symlinking: /home/ruee/ros2_ws/install/robot_controller/share/ament_index/resource_index/package_run_dependencies/robot_controller
[21.059s] -- Symlinking: /home/ruee/ros2_ws/install/robot_controller/share/ament_index/resource_index/parent_prefix_path/robot_controller
[21.072s] -- Symlinking: /home/ruee/ros2_ws/install/robot_controller/share/robot_controller/environment/ament_prefix_path.sh
[21.083s] -- Symlinking: /home/ruee/ros2_ws/install/robot_controller/share/robot_controller/environment/ament_prefix_path.dsv
[21.103s] -- Symlinking: /home/ruee/ros2_ws/install/robot_controller/share/robot_controller/environment/path.sh
[21.113s] -- Symlinking: /home/ruee/ros2_ws/install/robot_controller/share/robot_controller/environment/path.dsv
[21.133s] -- Symlinking: /home/ruee/ros2_ws/install/robot_controller/share/robot_controller/local_setup.bash
[21.145s] -- Symlinking: /home/ruee/ros2_ws/install/robot_controller/share/robot_controller/local_setup.sh
[21.163s] -- Symlinking: /home/ruee/ros2_ws/install/robot_controller/share/robot_controller/local_setup.zsh
[21.184s] -- Symlinking: /home/ruee/ros2_ws/install/robot_controller/share/robot_controller/local_setup.dsv
[21.214s] -- Symlinking: /home/ruee/ros2_ws/install/robot_controller/share/robot_controller/package.dsv
[21.242s] -- Symlinking: /home/ruee/ros2_ws/install/robot_controller/share/ament_index/resource_index/packages/robot_controller
[21.272s] -- Symlinking: /home/ruee/ros2_ws/install/robot_controller/share/robot_controller/cmake/rosidl_cmake-extras.cmake
[21.302s] -- Symlinking: /home/ruee/ros2_ws/install/robot_controller/share/robot_controller/cmake/ament_cmake_export_dependencies-extras.cmake
[21.327s] -- Symlinking: /home/ruee/ros2_ws/install/robot_controller/share/robot_controller/cmake/ament_cmake_export_include_directories-extras.cmake
[21.353s] -- Symlinking: /home/ruee/ros2_ws/install/robot_controller/share/robot_controller/cmake/ament_cmake_export_libraries-extras.cmake
[21.371s] -- Symlinking: /home/ruee/ros2_ws/install/robot_controller/share/robot_controller/cmake/ament_cmake_export_targets-extras.cmake
[21.392s] -- Symlinking: /home/ruee/ros2_ws/install/robot_controller/share/robot_controller/cmake/rosidl_cmake_export_typesupport_targets-extras.cmake
[21.408s] -- Symlinking: /home/ruee/ros2_ws/install/robot_controller/share/robot_controller/cmake/rosidl_cmake_export_typesupport_libraries-extras.cmake
[21.419s] -- Symlinking: /home/ruee/ros2_ws/install/robot_controller/share/robot_controller/cmake/rosidl_cmake_aggregate_target-extras.cmake
[21.438s] -- Symlinking: /home/ruee/ros2_ws/install/robot_controller/share/robot_controller/cmake/robot_controllerConfig.cmake
[21.451s] -- Symlinking: /home/ruee/ros2_ws/install/robot_controller/share/robot_controller/cmake/robot_controllerConfig-version.cmake
[21.469s] -- Symlinking: /home/ruee/ros2_ws/install/robot_controller/share/robot_controller/package.xml
[21.486s] -- Installing: /home/ruee/ros2_ws/install/robot_controller/lib/librobot_controller__rosidl_generator_c.so
[21.487s] -- Set non-toolchain portion of runtime path of "/home/ruee/ros2_ws/install/robot_controller/lib/librobot_controller__rosidl_generator_c.so" to ""
[21.487s] -- Installing: /home/ruee/ros2_ws/install/robot_controller/lib/librobot_controller__rosidl_typesupport_fastrtps_c.so
[21.488s] -- Set non-toolchain portion of runtime path of "/home/ruee/ros2_ws/install/robot_controller/lib/librobot_controller__rosidl_typesupport_fastrtps_c.so" to ""
[21.489s] -- Installing: /home/ruee/ros2_ws/install/robot_controller/lib/librobot_controller__rosidl_typesupport_introspection_c.so
[21.490s] -- Set non-toolchain portion of runtime path of "/home/ruee/ros2_ws/install/robot_controller/lib/librobot_controller__rosidl_typesupport_introspection_c.so" to ""
[21.490s] -- Installing: /home/ruee/ros2_ws/install/robot_controller/lib/librobot_controller__rosidl_typesupport_c.so
[21.491s] -- Set non-toolchain portion of runtime path of "/home/ruee/ros2_ws/install/robot_controller/lib/librobot_controller__rosidl_typesupport_c.so" to ""
[21.492s] -- Installing: /home/ruee/ros2_ws/install/robot_controller/lib/librobot_controller__rosidl_typesupport_fastrtps_cpp.so
[21.493s] -- Set non-toolchain portion of runtime path of "/home/ruee/ros2_ws/install/robot_controller/lib/librobot_controller__rosidl_typesupport_fastrtps_cpp.so" to ""
[21.494s] -- Installing: /home/ruee/ros2_ws/install/robot_controller/lib/librobot_controller__rosidl_typesupport_introspection_cpp.so
[21.495s] -- Set non-toolchain portion of runtime path of "/home/ruee/ros2_ws/install/robot_controller/lib/librobot_controller__rosidl_typesupport_introspection_cpp.so" to ""
[21.495s] -- Installing: /home/ruee/ros2_ws/install/robot_controller/lib/librobot_controller__rosidl_typesupport_cpp.so
[21.500s] -- Set non-toolchain portion of runtime path of "/home/ruee/ros2_ws/install/robot_controller/lib/librobot_controller__rosidl_typesupport_cpp.so" to ""
[21.655s] Listing '/home/ruee/ros2_ws/install/robot_controller/lib/python3.12/site-packages/robot_controller'...
[21.655s] Listing '/home/ruee/ros2_ws/install/robot_controller/lib/python3.12/site-packages/robot_controller/action'...
[21.656s] Compiling '/home/ruee/ros2_ws/install/robot_controller/lib/python3.12/site-packages/robot_controller/action/__init__.py'...
[21.657s] Compiling '/home/ruee/ros2_ws/install/robot_controller/lib/python3.12/site-packages/robot_controller/action/_move_x.py'...
[21.658s] Compiling '/home/ruee/ros2_ws/install/robot_controller/lib/python3.12/site-packages/robot_controller/action/_yaw.py'...
[21.659s] Compiling '/home/ruee/ros2_ws/install/robot_controller/lib/python3.12/site-packages/robot_controller/movement_node.py'...
[21.659s] *** FileExistsError: /home/ruee/ros2_ws/install/robot_controller/lib/python3.12/site-packages/robot_controller/__pycache__/movement_node.cpython-312.pyc is a symlink and will be changed into a regular file if import writes a byte-compiled file to it
[21.691s] -- Installing: /home/ruee/ros2_ws/install/robot_controller/lib/librobot_controller__rosidl_generator_py.so
[21.692s] -- Set non-toolchain portion of runtime path of "/home/ruee/ros2_ws/install/robot_controller/lib/librobot_controller__rosidl_generator_py.so" to ""
[21.692s] -- Installing: /home/ruee/ros2_ws/install/robot_controller/lib/robot_controller/movement_node
[21.693s] -- Installing: /home/ruee/ros2_ws/install/robot_controller/share/robot_controller/cmake/export_robot_controller__rosidl_generator_cExport.cmake
[21.693s] -- Installing: /home/ruee/ros2_ws/install/robot_controller/share/robot_controller/cmake/export_robot_controller__rosidl_generator_cExport-noconfig.cmake
[21.694s] -- Installing: /home/ruee/ros2_ws/install/robot_controller/share/robot_controller/cmake/export_robot_controller__rosidl_typesupport_fastrtps_cExport.cmake
[21.694s] -- Installing: /home/ruee/ros2_ws/install/robot_controller/share/robot_controller/cmake/export_robot_controller__rosidl_typesupport_fastrtps_cExport-noconfig.cmake
[21.695s] -- Installing: /home/ruee/ros2_ws/install/robot_controller/share/robot_controller/cmake/robot_controller__rosidl_typesupport_introspection_cExport.cmake
[21.696s] -- Installing: /home/ruee/ros2_ws/install/robot_controller/share/robot_controller/cmake/robot_controller__rosidl_typesupport_introspection_cExport-noconfig.cmake
[21.697s] -- Installing: /home/ruee/ros2_ws/install/robot_controller/share/robot_controller/cmake/robot_controller__rosidl_typesupport_cExport.cmake
[21.697s] -- Installing: /home/ruee/ros2_ws/install/robot_controller/share/robot_controller/cmake/robot_controller__rosidl_typesupport_cExport-noconfig.cmake
[21.698s] -- Installing: /home/ruee/ros2_ws/install/robot_controller/share/robot_controller/cmake/export_robot_controller__rosidl_generator_cppExport.cmake
[21.698s] -- Installing: /home/ruee/ros2_ws/install/robot_controller/share/robot_controller/cmake/export_robot_controller__rosidl_typesupport_fastrtps_cppExport.cmake
[21.699s] -- Installing: /home/ruee/ros2_ws/install/robot_controller/share/robot_controller/cmake/export_robot_controller__rosidl_typesupport_fastrtps_cppExport-noconfig.cmake
[21.699s] -- Installing: /home/ruee/ros2_ws/install/robot_controller/share/robot_controller/cmake/robot_controller__rosidl_typesupport_introspection_cppExport.cmake
[21.699s] -- Installing: /home/ruee/ros2_ws/install/robot_controller/share/robot_controller/cmake/robot_controller__rosidl_typesupport_introspection_cppExport-noconfig.cmake
[21.700s] -- Installing: /home/ruee/ros2_ws/install/robot_controller/share/robot_controller/cmake/robot_controller__rosidl_typesupport_cppExport.cmake
[21.700s] -- Installing: /home/ruee/ros2_ws/install/robot_controller/share/robot_controller/cmake/robot_controller__rosidl_typesupport_cppExport-noconfig.cmake
[21.700s] -- Installing: /home/ruee/ros2_ws/install/robot_controller/share/robot_controller/cmake/export_robot_controller__rosidl_generator_pyExport.cmake
[21.701s] -- Installing: /home/ruee/ros2_ws/install/robot_controller/share/robot_controller/cmake/export_robot_controller__rosidl_generator_pyExport-noconfig.cmake
[21.705s] Invoked command in '/home/ruee/ros2_ws/build/robot_controller' returned '0': CMAKE_PREFIX_PATH=${CMAKE_PREFIX_PATH}:/home/ruee/ros2_ws/install/robot_controller:/home/ruee/ros2_ws/install/maze_control:/home/ruee/training_ws/install/maze_control:/opt/ros/jazzy DEBUGINFOD_URLS=https://debuginfod.ubuntu.com /usr/bin/cmake --install /home/ruee/ros2_ws/build/robot_controller
